[    0.000000] Initializing cgroup subsys cpuset
[    0.000000] Initializing cgroup subsys cpu
[    0.000000] Initializing cgroup subsys cpuacct
[    0.000000] Linux version 4.4.0-96-generic (buildd@lgw01-10) (gcc version 5.4.0 20160609 (Ubuntu 5.4.0-6ubuntu1~16.04.4) ) #119-Ubuntu SMP Tue Sep 12 14:59:54 UTC 2017 (Ubuntu 4.4.0-96.119-generic 4.4.83)
[    0.000000] Command line: BOOT_IMAGE=/boot/vmlinuz-4.4.0-96-generic root=LABEL=cloudimg-rootfs ro console=tty1 console=ttyS0
[    0.000000] KERNEL supported cpus:
[    0.000000]   Intel GenuineIntel
[    0.000000]   AMD AuthenticAMD
[    0.000000]   Centaur CentaurHauls
[    0.000000] x86/fpu: xstate_offset[2]:  576, xstate_sizes[2]:  256
[    0.000000] x86/fpu: Supporting XSAVE feature 0x01: 'x87 floating point registers'
[    0.000000] x86/fpu: Supporting XSAVE feature 0x02: 'SSE registers'
[    0.000000] x86/fpu: Supporting XSAVE feature 0x04: 'AVX registers'
[    0.000000] x86/fpu: Enabled xstate features 0x7, context size is 832 bytes, using 'standard' format.
[    0.000000] x86/fpu: Using 'lazy' FPU context switches.
[    0.000000] e820: BIOS-provided physical RAM map:
[    0.000000] BIOS-e820: [mem 0x0000000000000000-0x000000000009fbff] usable
[    0.000000] BIOS-e820: [mem 0x000000000009fc00-0x000000000009ffff] reserved
[    0.000000] BIOS-e820: [mem 0x00000000000f0000-0x00000000000fffff] reserved
[    0.000000] BIOS-e820: [mem 0x0000000000100000-0x000000003ffeffff] usable
[    0.000000] BIOS-e820: [mem 0x000000003fff0000-0x000000003fffffff] ACPI data
[    0.000000] BIOS-e820: [mem 0x00000000fec00000-0x00000000fec00fff] reserved
[    0.000000] BIOS-e820: [mem 0x00000000fee00000-0x00000000fee00fff] reserved
[    0.000000] BIOS-e820: [mem 0x00000000fffc0000-0x00000000ffffffff] reserved
[    0.000000] NX (Execute Disable) protection: active
[    0.000000] SMBIOS 2.5 present.
[    0.000000] Hypervisor detected: KVM
[    0.000000] e820: last_pfn = 0x3fff0 max_arch_pfn = 0x400000000
[    0.000000] MTRR: Disabled
[    0.000000] x86/PAT: MTRRs disabled, skipping PAT initialization too.
[    0.000000] CPU MTRRs all blank - virtualized system.
[    0.000000] x86/PAT: Configuration [0-7]: WB  WT  UC- UC  WB  WT  UC- UC  
[    0.000000] found SMP MP-table at [mem 0x0009fff0-0x0009ffff] mapped at [ffff88000009fff0]
[    0.000000] Scanning 1 areas for low memory corruption
[    0.000000] RAMDISK: [mem 0x36ac6000-0x3755afff]
[    0.000000] ACPI: Early table checksum verification disabled
[    0.000000] ACPI: RSDP 0x00000000000E0000 000024 (v02 VBOX  )
[    0.000000] ACPI: XSDT 0x000000003FFF0030 00003C (v01 VBOX   VBOXXSDT 00000001 ASL  00000061)
[    0.000000] ACPI: FACP 0x000000003FFF00F0 0000F4 (v04 VBOX   VBOXFACP 00000001 ASL  00000061)
[    0.000000] ACPI: DSDT 0x000000003FFF0470 0021C8 (v02 VBOX   VBOXBIOS 00000002 INTL 20100528)
[    0.000000] ACPI: FACS 0x000000003FFF0200 000040
[    0.000000] ACPI: FACS 0x000000003FFF0200 000040
[    0.000000] ACPI: APIC 0x000000003FFF0240 00005C (v02 VBOX   VBOXAPIC 00000001 ASL  00000061)
[    0.000000] ACPI: SSDT 0x000000003FFF02A0 0001CC (v01 VBOX   VBOXCPUT 00000002 INTL 20100528)
[    0.000000] No NUMA configuration found
[    0.000000] Faking a node at [mem 0x0000000000000000-0x000000003ffeffff]
[    0.000000] NODE_DATA(0) allocated [mem 0x3ffeb000-0x3ffeffff]
[    0.000000] kvm-clock: Using msrs 4b564d01 and 4b564d00
[    0.000000] kvm-clock: cpu 0, msr 0:3ffe3001, primary cpu clock
[    0.000000] kvm-clock: using sched offset of 3005222524 cycles
[    0.000000] clocksource: kvm-clock: mask: 0xffffffffffffffff max_cycles: 0x1cd42e4dffb, max_idle_ns: 881590591483 ns
[    0.000000] Zone ranges:
[    0.000000]   DMA      [mem 0x0000000000001000-0x0000000000ffffff]
[    0.000000]   DMA32    [mem 0x0000000001000000-0x000000003ffeffff]
[    0.000000]   Normal   empty
[    0.000000]   Device   empty
[    0.000000] Movable zone start for each node
[    0.000000] Early memory node ranges
[    0.000000]   node   0: [mem 0x0000000000001000-0x000000000009efff]
[    0.000000]   node   0: [mem 0x0000000000100000-0x000000003ffeffff]
[    0.000000] Initmem setup node 0 [mem 0x0000000000001000-0x000000003ffeffff]
[    0.000000] ACPI: PM-Timer IO Port: 0x4008
[    0.000000] IOAPIC[0]: apic_id 2, version 32, address 0xfec00000, GSI 0-23
[    0.000000] ACPI: INT_SRC_OVR (bus 0 bus_irq 0 global_irq 2 dfl dfl)
[    0.000000] ACPI: INT_SRC_OVR (bus 0 bus_irq 9 global_irq 9 high level)
[    0.000000] Using ACPI (MADT) for SMP configuration information
[    0.000000] smpboot: Allowing 2 CPUs, 0 hotplug CPUs
[    0.000000] PM: Registered nosave memory: [mem 0x00000000-0x00000fff]
[    0.000000] PM: Registered nosave memory: [mem 0x0009f000-0x0009ffff]
[    0.000000] PM: Registered nosave memory: [mem 0x000a0000-0x000effff]
[    0.000000] PM: Registered nosave memory: [mem 0x000f0000-0x000fffff]
[    0.000000] e820: [mem 0x40000000-0xfebfffff] available for PCI devices
[    0.000000] Booting paravirtualized kernel on KVM
[    0.000000] clocksource: refined-jiffies: mask: 0xffffffff max_cycles: 0xffffffff, max_idle_ns: 7645519600211568 ns
[    0.000000] setup_percpu: NR_CPUS:512 nr_cpumask_bits:512 nr_cpu_ids:2 nr_node_ids:1
[    0.000000] PERCPU: Embedded 34 pages/cpu @ffff88003fc00000 s98328 r8192 d32744 u1048576
[    0.000000] PV qspinlock hash table entries: 256 (order: 0, 4096 bytes)
[    0.000000] Built 1 zonelists in Node order, mobility grouping on.  Total pages: 257913
[    0.000000] Policy zone: DMA32
[    0.000000] Kernel command line: BOOT_IMAGE=/boot/vmlinuz-4.4.0-96-generic root=LABEL=cloudimg-rootfs ro console=tty1 console=ttyS0
[    0.000000] PID hash table entries: 4096 (order: 3, 32768 bytes)
[    0.000000] Memory: 1001728K/1048120K available (8479K kernel code, 1294K rwdata, 3984K rodata, 1492K init, 1316K bss, 46392K reserved, 0K cma-reserved)
[    0.000000] SLUB: HWalign=64, Order=0-3, MinObjects=0, CPUs=2, Nodes=1
[    0.000000] Hierarchical RCU implementation.
[    0.000000] 	Build-time adjustment of leaf fanout to 64.
[    0.000000] 	RCU restricting CPUs from NR_CPUS=512 to nr_cpu_ids=2.
[    0.000000] RCU: Adjusting geometry for rcu_fanout_leaf=64, nr_cpu_ids=2
[    0.000000] NR_IRQS:33024 nr_irqs:440 16
[    0.000000] Console: colour VGA+ 80x25
[    0.000000] console [tty1] enabled
[    0.000000] console [ttyS0] enabled
[    0.000000] tsc: Detected 3194.006 MHz processor
[    0.000000] tsc: Marking TSC unstable due to TSCs unsynchronized
[    0.008000] Calibrating delay loop (skipped) preset value.. 6388.01 BogoMIPS (lpj=12776024)
[    0.008000] pid_max: default: 32768 minimum: 301
[    0.008000] ACPI: Core revision 20150930
[    0.008000] ACPI: 2 ACPI AML tables successfully acquired and loaded
[    0.012230] Security Framework initialized
[    0.012839] Yama: becoming mindful.
[    0.016015] AppArmor: AppArmor initialized
[    0.020057] Dentry cache hash table entries: 131072 (order: 8, 1048576 bytes)
[    0.021227] Inode-cache hash table entries: 65536 (order: 7, 524288 bytes)
[    0.023046] Mount-cache hash table entries: 2048 (order: 2, 16384 bytes)
[    0.024005] Mountpoint-cache hash table entries: 2048 (order: 2, 16384 bytes)
[    0.025091] Initializing cgroup subsys io
[    0.025797] Initializing cgroup subsys memory
[    0.028008] Initializing cgroup subsys devices
[    0.028716] Initializing cgroup subsys freezer
[    0.029440] Initializing cgroup subsys net_cls
[    0.030269] Initializing cgroup subsys perf_event
[    0.031164] Initializing cgroup subsys net_prio
[    0.032004] Initializing cgroup subsys hugetlb
[    0.032717] Initializing cgroup subsys pids
[    0.033478] CPU: Physical Processor ID: 0
[    0.034144] CPU: Processor Core ID: 0
[    0.040254] mce: CPU supports 0 MCE banks
[    0.043362] Last level iTLB entries: 4KB 1024, 2MB 1024, 4MB 512
[    0.044003] Last level dTLB entries: 4KB 1536, 2MB 1536, 4MB 768, 1GB 0
[    0.046367] Freeing SMP alternatives memory: 32K
[    0.054157] ftrace: allocating 32146 entries in 126 pages
[    0.064042] smpboot: APIC(0) Converting physical 0 to logical package 0
[    0.068003] smpboot: Max logical packages: 1
[    0.072200] x2apic enabled
[    0.076003] Switched APIC routing to physical x2apic.
[    0.077687] ..TIMER: vector=0x30 apic1=0 pin1=2 apic2=-1 pin2=-1
[    0.084000] smpboot: CPU0: AMD Ryzen 5 1600 Six-Core Processor (family: 0x17, model: 0x1, stepping: 0x1)
[    0.084000] Performance Events: Broken PMU hardware detected, using software events only.
[    0.084000] Failed to access perfctr msr (MSR c0010007 is 0)
[    0.084000] KVM setup paravirtual spinlock
[    0.084579] x86: Booting SMP configuration:
[    0.088002] .... node  #0, CPUs:      #1
[    0.008000] kvm-clock: cpu 1, msr 0:3ffe3041, secondary cpu clock
[    0.008000] mce: CPU supports 0 MCE banks
[    0.110418] x86: Booted up 1 node, 2 CPUs
[    0.112005] smpboot: Total of 2 processors activated (12776.02 BogoMIPS)
[    0.116181] devtmpfs: initialized
[    0.137968] evm: security.selinux
[    0.172002] evm: security.SMACK64
[    0.220003] evm: security.SMACK64EXEC
[    0.220554] evm: security.SMACK64TRANSMUTE
[    0.221156] evm: security.SMACK64MMAP
[    0.221706] evm: security.ima
[    0.222187] evm: security.capability
[    0.224659] clocksource: jiffies: mask: 0xffffffff max_cycles: 0xffffffff, max_idle_ns: 7645041785100000 ns
[    0.264013] futex hash table entries: 512 (order: 3, 32768 bytes)
[    0.264955] pinctrl core: initialized pinctrl subsystem
[    0.268089] RTC time: 18:00:13, date: 09/19/17
[    0.272181] NET: Registered protocol family 16
[    0.284004] cpuidle: using governor ladder
[    0.300004] cpuidle: using governor menu
[    0.300688] PCCT header not found.
[    0.301503] ACPI: bus type PCI registered
[    0.304006] acpiphp: ACPI Hot Plug PCI Controller Driver version: 0.5
[    0.305028] PCI: Using configuration type 1 for base access
[    0.308001] PCI: Using configuration type 1 for extended access
[    0.320061] ACPI: Added _OSI(Module Device)
[    0.320061] ACPI: Added _OSI(Processor Device)
[    0.332002] ACPI: Added _OSI(3.0 _SCP Extensions)
[    0.332002] ACPI: Added _OSI(Processor Aggregator Device)
[    0.333187] ACPI: Executed 1 blocks of module-level executable AML code
[    0.338068] ACPI: Interpreter enabled
[    0.340008] ACPI: (supports S0 S5)
[    0.340587] ACPI: Using IOAPIC for interrupt routing
[    0.344107] PCI: Using host bridge windows from ACPI; if necessary, use "pci=nocrs" and report a bug
[    0.348665] ACPI: PCI Root Bridge [PCI0] (domain 0000 [bus 00-ff])
[    0.350930] acpi PNP0A03:00: _OSC: OS supports [ExtendedConfig ASPM ClockPM Segments MSI]
[    0.352000] acpi PNP0A03:00: _OSC failed (AE_NOT_FOUND); disabling ASPM
[    0.352191] PCI host bridge to bus 0000:00
[    0.354237] pci_bus 0000:00: root bus resource [io  0x0000-0x0cf7 window]
[    0.355240] pci_bus 0000:00: root bus resource [io  0x0d00-0xffff window]
[    0.356002] pci_bus 0000:00: root bus resource [mem 0x000a0000-0x000bffff window]
[    0.357203] pci_bus 0000:00: root bus resource [mem 0x40000000-0xffdfffff window]
[    0.358369] pci_bus 0000:00: root bus resource [bus 00-ff]
[    0.361243] pci 0000:00:01.1: legacy IDE quirk: reg 0x10: [io  0x01f0-0x01f7]
[    0.364008] pci 0000:00:01.1: legacy IDE quirk: reg 0x14: [io  0x03f6]
[    0.364926] pci 0000:00:01.1: legacy IDE quirk: reg 0x18: [io  0x0170-0x0177]
[    0.366083] pci 0000:00:01.1: legacy IDE quirk: reg 0x1c: [io  0x0376]
[    0.377085] pci 0000:00:07.0: quirk: [io  0x4000-0x403f] claimed by PIIX4 ACPI
[    0.384010] pci 0000:00:07.0: quirk: [io  0x4100-0x410f] claimed by PIIX4 SMB
[    0.392880] ACPI: PCI Interrupt Link [LNKA] (IRQs 5 9 10 *11)
[    0.400621] ACPI: PCI Interrupt Link [LNKB] (IRQs 5 9 10 *11)
[    0.404399] ACPI: PCI Interrupt Link [LNKC] (IRQs 5 9 *10 11)
[    0.405566] ACPI: PCI Interrupt Link [LNKD] (IRQs 5 *9 10 11)
[    0.408418] ACPI: Enabled 2 GPEs in block 00 to 07
[    0.412093] vgaarb: setting as boot device: PCI:0000:00:02.0
[    0.413989] vgaarb: device added: PCI:0000:00:02.0,decodes=io+mem,owns=io+mem,locks=none
[    0.415226] vgaarb: loaded
[    0.416002] vgaarb: bridge control possible 0000:00:02.0
[    0.424151] SCSI subsystem initialized
[    0.424151] ACPI: bus type USB registered
[    0.425962] usbcore: registered new interface driver usbfs
[    0.426769] usbcore: registered new interface driver hub
[    0.428001] usbcore: registered new device driver usb
[    0.436050] PCI: Using ACPI for IRQ routing
[    0.437961] NetLabel: Initializing
[    0.440002] NetLabel:  domain hash size = 128
[    0.440674] NetLabel:  protocols = UNLABELED CIPSOv4
[    0.441438] NetLabel:  unlabeled traffic allowed by default
[    0.444034] amd_nb: Cannot enumerate AMD northbridges
[    0.448020] clocksource: Switched to clocksource kvm-clock
[    0.463663] AppArmor: AppArmor Filesystem Enabled
[    0.470633] pnp: PnP ACPI init
[    0.472877] pnp: PnP ACPI: found 3 devices
[    0.482863] clocksource: acpi_pm: mask: 0xffffff max_cycles: 0xffffff, max_idle_ns: 2085701024 ns
[    0.485924] NET: Registered protocol family 2
[    0.486713] TCP established hash table entries: 8192 (order: 4, 65536 bytes)
[    0.489439] TCP bind hash table entries: 8192 (order: 5, 131072 bytes)
[    0.490361] TCP: Hash tables configured (established 8192 bind 8192)
[    0.491265] UDP hash table entries: 512 (order: 2, 16384 bytes)
[    0.492118] UDP-Lite hash table entries: 512 (order: 2, 16384 bytes)
[    0.493034] NET: Registered protocol family 1
[    0.493710] pci 0000:00:00.0: Limiting direct PCI/PCI transfers
[    0.494580] pci 0000:00:01.0: Activating ISA DMA hang workarounds
[    0.496111] Unpacking initramfs...
[    1.934291] Freeing initrd memory: 10836K
[    1.942352] clocksource: tsc: mask: 0xffffffffffffffff max_cycles: 0x2e0a2b899d8, max_idle_ns: 440795217416 ns
[    1.944064] platform rtc_cmos: registered platform RTC device (no PNP device found)
[    1.944092] Scanning for low memory corruption every 60 seconds
[    1.944367] audit: initializing netlink subsys (disabled)
[    1.944383] audit: type=2000 audit(1505844019.402:1): initialized
[    1.944653] Initialise system trusted keyring
[    1.944749] HugeTLB registered 2 MB page size, pre-allocated 0 pages
[    1.946091] zbud: loaded
[    1.946252] VFS: Disk quotas dquot_6.6.0
[    1.946279] VFS: Dquot-cache hash table entries: 512 (order 0, 4096 bytes)
[    1.946510] squashfs: version 4.0 (2009/01/31) Phillip Lougher
[    1.946700] fuse init (API version 7.23)
[    1.946812] Key type big_key registered
[    1.946826] Allocating IMA MOK and blacklist keyrings.
[    1.947076] Key type asymmetric registered
[    1.947078] Asymmetric key parser 'x509' registered
[    1.947112] Block layer SCSI generic (bsg) driver version 0.4 loaded (major 249)
[    1.947134] io scheduler noop registered
[    1.947136] io scheduler deadline registered (default)
[    1.947163] io scheduler cfq registered
[    1.947239] pci_hotplug: PCI Hot Plug PCI Core version: 0.5
[    1.947244] pciehp: PCI Express Hot Plug Controller Driver version: 0.4
[    1.947356] ACPI: AC Adapter [AC] (on-line)
[    1.947428] input: Power Button as /devices/LNXSYSTM:00/LNXPWRBN:00/input/input0
[    1.947430] ACPI: Power Button [PWRF]
[    1.947490] input: Sleep Button as /devices/LNXSYSTM:00/LNXSLPBN:00/input/input1
[    1.947492] ACPI: Sleep Button [SLPF]
[    1.947619] GHES: HEST is not enabled!
[    1.947701] Serial: 8250/16550 driver, 32 ports, IRQ sharing enabled
[    1.977653] 00:02: ttyS0 at I/O 0x3f8 (irq = 4, base_baud = 115200) is a 16550A
[    1.981329] Linux agpgart interface v0.103
[    1.983050] loop: module loaded
[    1.983408] scsi host0: ata_piix
[    1.983445] scsi host1: ata_piix
[    1.983464] ata1: PATA max UDMA/33 cmd 0x1f0 ctl 0x3f6 bmdma 0xd000 irq 14
[    1.983465] ata2: PATA max UDMA/33 cmd 0x170 ctl 0x376 bmdma 0xd008 irq 15
[    1.983507] libphy: Fixed MDIO Bus: probed
[    1.983509] tun: Universal TUN/TAP device driver, 1.6
[    1.983509] tun: (C) 1999-2004 Max Krasnyansky <maxk@qualcomm.com>
[    1.983727] PPP generic driver version 2.4.2
[    1.983760] ehci_hcd: USB 2.0 'Enhanced' Host Controller (EHCI) Driver
[    1.983762] ehci-pci: EHCI PCI platform driver
[    1.983768] ehci-platform: EHCI generic platform driver
[    1.983773] ohci_hcd: USB 1.1 'Open' Host Controller (OHCI) Driver
[    1.983775] ohci-pci: OHCI PCI platform driver
[    1.983781] ohci-platform: OHCI generic platform driver
[    1.983785] uhci_hcd: USB Universal Host Controller Interface driver
[    1.983820] i8042: PNP: PS/2 Controller [PNP0303:PS2K,PNP0f03:PS2M] at 0x60,0x64 irq 1,12
[    1.984179] serio: i8042 KBD port at 0x60,0x64 irq 1
[    1.984181] serio: i8042 AUX port at 0x60,0x64 irq 12
[    1.984257] mousedev: PS/2 mouse device common for all mice
[    1.984443] input: AT Translated Set 2 keyboard as /devices/platform/i8042/serio0/input/input2
[    1.984664] rtc_cmos rtc_cmos: rtc core: registered rtc_cmos as rtc0
[    1.984710] rtc_cmos rtc_cmos: alarms up to one day, 114 bytes nvram
[    1.984714] i2c /dev entries driver
[    1.984744] device-mapper: uevent: version 1.0.3
[    1.984779] device-mapper: ioctl: 4.34.0-ioctl (2015-10-28) initialised: dm-devel@redhat.com
[    1.984787] ledtrig-cpu: registered to indicate activity on CPUs
[    1.984960] NET: Registered protocol family 10
[    1.985072] NET: Registered protocol family 17
[    1.985079] Key type dns_resolver registered
[    1.985163] microcode: CPU0: patch_level=0x06000626
[    1.985564] microcode: CPU1: patch_level=0x06000626
[    1.985581] microcode: Microcode Update Driver: v2.01 <tigran@aivazian.fsnet.co.uk>, Peter Oruba
[    1.985656] registered taskstats version 1
[    1.985668] Loading compiled-in X.509 certificates
[    1.986124] Loaded X.509 cert 'Build time autogenerated kernel key: b1a6ea8776bed2812c00d8a799f968274ef48628'
[    1.986135] zswap: loaded using pool lzo/zbud
[    1.987322] Key type trusted registered
[    1.988868] Key type encrypted registered
[    1.988871] AppArmor: AppArmor sha1 policy hashing enabled
[    1.988874] ima: No TPM chip found, activating TPM-bypass!
[    1.988890] evm: HMAC attrs: 0x1
[    1.989050]   Magic number: 1:318:39
[    1.989054] bdi 7:4: hash matches
[    1.989273] rtc_cmos rtc_cmos: setting system clock to 2017-09-19 18:00:15 UTC (1505844015)
[    1.989323] BIOS EDD facility v0.16 2004-Jun-25, 0 devices found
[    1.989323] EDD information not available.
[    2.294194] Freeing unused kernel memory: 1492K
[    2.296193] Write protecting the kernel read-only data: 14336k
[    2.304284] Freeing unused kernel memory: 1748K
[    2.308172] Freeing unused kernel memory: 112K
Loading, please wait...
starting version 229
[    2.319815] random: systemd-udevd: uninitialized urandom read (16 bytes read, 3 bits of entropy available)
[    2.320104] random: udevadm: uninitialized urandom read (16 bytes read, 3 bits of entropy available)
[    2.320146] random: udevadm: uninitialized urandom read (16 bytes read, 3 bits of entropy available)
[    2.320282] random: udevadm: uninitialized urandom read (16 bytes read, 3 bits of entropy available)
[    2.320336] random: udevadm: uninitialized urandom read (16 bytes read, 3 bits of entropy available)
[    2.320389] random: udevadm: uninitialized urandom read (16 bytes read, 3 bits of entropy available)
[    2.320445] random: udevadm: uninitialized urandom read (16 bytes read, 3 bits of entropy available)
[    2.320497] random: udevadm: uninitialized urandom read (16 bytes read, 3 bits of entropy available)
[    2.320547] random: udevadm: uninitialized urandom read (16 bytes read, 3 bits of entropy available)
[    2.320600] random: udevadm: uninitialized urandom read (16 bytes read, 3 bits of entropy available)
[    2.558544] e1000: Intel(R) PRO/1000 Network Driver - version 7.3.21-k8-NAPI
[    2.567055] e1000: Copyright (c) 1999-2006 Intel Corporation.
[    2.571429] Fusion MPT base driver 3.04.20
[    2.577097] Copyright (c) 1999-2008 LSI Corporation
[    2.580870] Fusion MPT SPI Host driver 3.04.20
[    2.603177] AVX version of gcm_enc/dec engaged.
[    2.609245] AES CTR mode by8 optimization enabled
[    2.786269] input: ImExPS/2 Generic Explorer Mouse as /devices/platform/i8042/serio1/input/input4
[    2.907388] e1000 0000:00:03.0 eth0: (PCI:33MHz:32-bit) 02:42:5d:6e:03:5a
[    2.942946] e1000 0000:00:03.0 eth0: Intel(R) PRO/1000 Network Connection
[    2.944671] mptbase: ioc0: Initiating bringup
[    2.948401] e1000 0000:00:03.0 enp0s3: renamed from eth0
[    3.013200] ioc0: LSI53C1030 A0: Capabilities={Initiator}
[    3.178362] scsi host2: ioc0: LSI53C1030 A0, FwRev=00000000h, Ports=1, MaxQ=256, IRQ=20
[    3.309337] scsi 2:0:0:0: Direct-Access     VBOX     HARDDISK         1.0  PQ: 0 ANSI: 5
[    3.331438] scsi target2:0:0: Beginning Domain Validation
[    3.336259] scsi target2:0:0: Domain Validation skipping write tests
[    3.341627] scsi target2:0:0: Ending Domain Validation
[    3.358735] scsi target2:0:0: asynchronous
[    3.378375] scsi 2:0:1:0: Direct-Access     VBOX     HARDDISK         1.0  PQ: 0 ANSI: 5
[    3.384204] scsi target2:0:1: Beginning Domain Validation
[    3.386323] scsi target2:0:1: Domain Validation skipping write tests
[    3.390863] scsi target2:0:1: Ending Domain Validation
[    3.391788] scsi target2:0:1: asynchronous
[    3.404466] sd 2:0:0:0: [sda] 20971520 512-byte logical blocks: (10.7 GB/10.0 GiB)
[    3.405696] sd 2:0:0:0: Attached scsi generic sg0 type 0
[    3.413873] sd 2:0:0:0: [sda] Write Protect is off
[    3.413945] sd 2:0:0:0: [sda] Incomplete mode parameter data
[    3.413946] sd 2:0:0:0: [sda] Assuming drive cache: write through
[    3.414806]  sda: sda1
[    3.415350] sd 2:0:0:0: [sda] Attached SCSI disk
[    3.480901] sd 2:0:1:0: Attached scsi generic sg1 type 0
[    3.481067] sd 2:0:1:0: [sdb] 20480 512-byte logical blocks: (10.5 MB/10.0 MiB)
[    3.481178] sd 2:0:1:0: [sdb] Write Protect is off
[    3.481253] sd 2:0:1:0: [sdb] Incomplete mode parameter data
[    3.481255] sd 2:0:1:0: [sdb] Assuming drive cache: write through
[    3.483153] sd 2:0:1:0: [sdb] Attached SCSI disk
[    5.585158] floppy0: no floppy controllers found
Begin: Loading essential drivers ... [    6.886772] md: linear personality registered for level -1
[    6.895530] md: multipath personality registered for level -4
[    6.898125] md: raid0 personality registered for level 0
[    6.906859] md: raid1 personality registered for level 1
[    6.981704] raid6: sse2x1   gen()  7791 MB/s
[    7.053520] raid6: sse2x1   xor()  7680 MB/s
[    7.121419] raid6: sse2x2   gen() 15901 MB/s
[    7.193826] raid6: sse2x2   xor() 10536 MB/s
[    7.264665] raid6: sse2x4   gen() 16716 MB/s
[    7.337465] raid6: sse2x4   xor()  9056 MB/s
[    7.338321] raid6: using algorithm sse2x4 gen() 16716 MB/s
[    7.339202] raid6: .... xor() 9056 MB/s, rmw enabled
[    7.340264] raid6: using ssse3x2 recovery algorithm
[    7.344212] xor: automatically using best checksumming function:
[    7.384434]    avx       : 14985.000 MB/sec
[    7.386067] async_tx: api initialized (async)
[    7.392559] md: raid6 personality registered for level 6
[    7.393912] md: raid5 personality registered for level 5
[    7.394897] md: raid4 personality registered for level 4
[    7.399306] md: raid10 personality registered for level 10
done.
Begin: Running /scripts/init-premount ... done.
Begin: Mounting root file system ... Begin: Running /scripts/local-top ... done.
Begin: Running /scripts/local-premount ... [    7.424693] Btrfs loaded
Scanning for Btrfs filesystems
done.
Warning: fsck no[    7.452181] EXT4-fs (sda1): mounted filesystem with ordered data mode. Opts: (null)
t present, so skipping root file system
done.
Begin: Running /scripts/local-bottom ... done.
Begin: Running /scripts/init-bottom ... done.
[    7.528925] systemd[1]: systemd 229 running in system mode. (+PAM +AUDIT +SELINUX +IMA +APPARMOR +SMACK +SYSVINIT +UTMP +LIBCRYPTSETUP +GCRYPT +GNUTLS +ACL +XZ -LZ4 +SECCOMP +BLKID +ELFUTILS +KMOD -IDN)
[    7.546684] systemd[1]: Detected virtualization oracle.
[    7.547403] systemd[1]: Detected architecture x86-64.

Welcome to [1mUbuntu 16.04.3 LTS[0m!

[    7.551732] systemd[1]: Set hostname to <ubuntu>.
[    7.607693] systemd[1]: Initializing machine ID from random generator.
[    7.609964] systemd[1]: Installed transient /etc/machine-id file.
[    7.698080] systemd[1]: Reached target Swap.
[[0;32m  OK  [0m] Reached target Swap.
[    7.713810] systemd[1]: Listening on Journal Socket (/dev/log).
[[0;32m  OK  [0m] Listening on Journal Socket (/dev/log).
[    7.717463] systemd[1]: Listening on udev Kernel Socket.
[[0;32m  OK  [0m] Listening on udev Kernel Socket.
[    7.723681] systemd[1]: Set up automount Arbitrary Executable File Formats File System Automount Point.
[[0;32m  OK  [0m] Set up automount Arbitrary Executab...ats File System Automount Point.
[    7.727529] systemd[1]: Reached target Encrypted Volumes.
[[0;32m  OK  [0m] Reached target Encrypted Volumes.
[    7.739228] systemd[1]: Started Forward Password Requests to Wall Directory Watch.
[[0;32m  OK  [0m] Started Forward Password Requests to Wall Directory Watch.
[    7.742902] systemd[1]: Listening on Device-mapper event daemon FIFOs.
[[0;32m  OK  [0m] Listening on Device-mapper event daemon FIFOs.
[    7.746373] systemd[1]: Listening on Journal Audit Socket.
[[0;32m  OK  [0m] Listening on Journal Audit Socket.
[    7.750065] systemd[1]: Listening on LVM2 poll daemon socket.
[[0;32m  OK  [0m] Listening on LVM2 poll daemon socket.
[    7.753040] systemd[1]: Reached target User and Group Name Lookups.
[[0;32m  OK  [0m] Reached target User and Group Name Lookups.
[    7.756050] systemd[1]: Listening on LVM2 metadata daemon socket.
[[0;32m  OK  [0m] Listening on LVM2 metadata daemon socket.
[    7.760143] systemd[1]: Created slice User and Session Slice.
[[0;32m  OK  [0m] Created slice User and Session Slice.
[    7.765762] systemd[1]: Listening on Syslog Socket.
[[0;32m  OK  [0m] Listening on Syslog Socket.
[    7.771252] systemd[1]: Listening on udev Control Socket.
[[0;32m  OK  [0m] Listening on udev Control Socket.
[    7.773472] systemd[1]: Created slice System Slice.
[[0;32m  OK  [0m] Created slice System Slice.
[    7.785022] systemd[1]: Created slice system-serial\x2dgetty.slice.
[[0;32m  OK  [0m] Created slice system-serial\x2dgetty.slice.
[    7.788463] systemd[1]: Reached target Slices.
[[0;32m  OK  [0m] Reached target Slices.
[    7.798738] systemd[1]: Listening on Journal Socket.
[[0;32m  OK  [0m] Listening on Journal Socket.
[    7.812457] systemd[1]: Starting Create list of required static device nodes for the current kernel...
         Starting Create list of required st... nodes for the current kernel...
[    7.824505] systemd[1]: Starting Monitoring of LVM2 mirrors, snapshots etc. using dmeventd or progress polling...
         Starting Monitoring of LVM2 mirrors... dmeventd or progress polling...
[    7.853211] systemd[1]: Starting Journal Service...
         Starting Journal Service...
[    7.937838] systemd[1]: Starting Uncomplicated firewall...
         Starting Uncomplicated firewall...
[    7.954106] systemd[1]: Starting Remount Root and Kernel File Systems...
         Startin[    8.059435] EXT4-fs (sda1): re-mounted. Opts: (null)
g Remount Root and Kernel File Systems...
[    8.074969] systemd[1]: Mounting POSIX Message Queue File System...
         Mounting POSIX Message Queue File System...
[    8.100155] systemd[1]: Starting Nameserver information manager...
         Starting Nameserver information manager...
[    8.132519] systemd[1]: Mounting Huge Pages File System...
         Mounting Huge Pages File System...
[    8.144343] random: nonblocking pool is initialized
[    8.147169] systemd[1]: Starting Load Kernel Modules...
         Starting Load Kernel Modules...
[    8.166374] systemd[1]: Started Trigger resolvconf update for networkd DNS.
[[0;32m  OK  [0[    8.169519] Loading iSCSI transport class v2.0-870.
m] Started Trigg[    8.215787] iscsi: registered transport (tcp)
er resolvconf update for networkd DNS.
[    8.256066] systemd[1]: Mounting Debug File System...
         Mountin[    8.262220] iscsi: registered transport (iser)
g Debug File System...
[    8.294487] systemd[1]: Starting Set console keymap...
         Starting Set console keymap...
[    8.320548] systemd[1]: Listening on /dev/initctl Compatibility Named Pipe.
[[0;32m  OK  [0m] Listening on /dev/initctl Compatibility Named Pipe.
[    8.344635] systemd[1]: Mounted Debug File System.
[[0;32m  OK  [0m] Mounted Debug File System.
[    8.457034] systemd[1]: Mounted Huge Pages File System.
[[0;32m  OK  [0m] Mounted Huge Pages File System.
[    8.516628] systemd[1]: Mounted POSIX Message Queue File System.
[[0;32m  OK  [0m] Mounted POSIX Message Queue File System.
[    8.690862] systemd[1]: Started Journal Service.
[[0;32m  OK  [0m] Started Journal Service.
[[0;32m  OK  [0m] Started Create list of required sta...ce nodes for the current kernel.
[[0;32m  OK  [0m] Started Uncomplicated firewall.
[[0;32m  OK  [0m] Started Remount Root and Kernel File Systems.
[[0;32m  OK  [0m] Started Load Kernel Modules.
[[0;32m  OK  [0m] Started Set console keymap.
[[0;32m  OK  [0m] Started Nameserver information manager.
[[0;32m  OK  [0m] Started LVM2 metadata daemon.
         Starting Apply Kernel Variables...
         Mounting FUSE Control File System...
         Starting Load/Save Random Seed...
         Starting udev Coldplug all Devices...
         Starting Initial cloud-init job (pre-networking)...
         Starting Create Static Device Nodes in /dev...
         Starting Flush Journal to Persistent Storage...
[[0;32m  OK  [0m] Mounted FUSE Control File System.
[[0;32m  OK  [0m] Started Apply Kernel Variables.
[[0;32m  OK  [0m] Started Load/Save Random Seed.
[[0;32m  OK  [0m] Started Create Static Device Nodes in /dev.
[[0;32m  OK  [0m] Started Flush Journal to Persistent Storage.
[[0;32m  OK  [0m] Started udev Coldplug all Devices.
         Starting udev Kernel Device Manager...
[[0;32m  OK  [0m] Started udev Kernel Device Manager.
[[0;32m  OK  [0m] Started Dispatch Password Requests to Console Directory Watch.
[[0;32m  OK  [0m] Found device /dev/ttyS0.
[[0;32m  OK  [0m] Listening on Load/Save RF Kill Switch Status /dev/rfkill Watch.
[    9.614636] [cloud-init[0;32m  OK  [0m[451]: ] Cloud-init v. 0.7.9 running 'init-local' at Tue, 19 Sep 2017 18:00:22 +0000. Up 9.41 seconds.Started Monitoring of LVM2 mirrors,...ng dmeventd or progress polling.

[[0;32m  OK  [0m] Started Initial cloud-init job (pre-networking).
[[0;32m  OK  [0m] Reached target Network (Pre).
[[0;32m  OK  [0m] Reached target Local File Systems (Pre).
[[0;32m  OK  [0m] Reached target Local File Systems.
         Starting Set console font and keymap...
         Starting Create Volatile Files and Directories...
         Starting LSB: AppArmor initialization...
         Starting Commit a transient machine-id on disk...
         Starting Tell Plymouth To Write Out Runtime Data...
[[0;32m  OK  [0m] Started Create Volatile Files and Directories.
[[0;32m  OK  [0m] Started Tell Plymouth To Write Out Runtime Data.
[[0;32m  OK  [0m] Started Commit a transient machine-id on disk.
[[0;32m  OK  [0m] Reached target System Time Synchronized.
         Starting Update UTMP about System Boot/Shutdown...
[[0;32m  OK  [0m] Started Set console font and keymap.
[[0;32m  OK  [0m] Created slice system-getty.slice.
[[0;32m  OK  [0m] Started Update UTMP about System Boot/Shutdown.
[[0;32m  OK  [0m] Started LSB: AppArmor initialization.
         Starting Raise network interfaces...
[[0;32m  OK  [0m] Started Raise network interfaces.
[[0;32m  OK  [0m] Reached target Network.
         Starting Initial cloud-init job (metadata service crawler)...
[   13.112446] cloud-init[926]: Cloud-init v. 0.7.9 running 'init' at Tue, 19 Sep 2017 18:00:26 +0000. Up 12.67 seconds.
[   13.118117] cloud-init[926]: ci-info: +++++++++++++++++++++++++++++++++++++Net device info+++++++++++++++++++++++++++++++++++++
[   13.125901] cloud-init[926]: ci-info: +--------+------+---------------------------+---------------+-------+-------------------+
[   13.139282] cloud-init[926]: ci-info: | Device |  Up  |          Address          |      Mask     | Scope |     Hw-Address    |
[   13.150752] cloud-init[926]: ci-info: +--------+------+---------------------------+---------------+-------+-------------------+
[   13.156555] cloud-init[926]: ci-info: | enp0s3 | True |         10.0.2.15         | 255.255.255.0 |   .   | 02:42:5d:6e:03:5a |
[   13.184805] cloud-init[926]: ci-info: | enp0s3 | True | fe80::42:5dff:fe6e:35a/64 |       .       |  link | 02:42:5d:6e:03:5a |
[   13.185364] cloud-init[926]: ci-info: |   lo   | True |         127.0.0.1         |   255.0.0.0   |   .   |         .         |
[[0;32m  OK  [0m] Started Initial cloud-init job (metadata service crawler).
[   13.185843] cloud-init[926]: ci-info: |   lo   | True |          ::1/128          |       .       |  host |         .         |
[[   13.226615] cloud-init[926]: ci-info: +--------+------+---------------------------+---------------+-------+-------------------+
[   13.227112] cloud-init[926]: ci-info: +++++++++++++++++++++++++++Route IPv4 info++++++++++++++++++++++++++++
[   13.228196] cloud-init[926]: ci-info: +-------+-------------+----------+---------------+-----------+-------+
[   13.229695] cloud-init[926]: ci-info: | Route | Destination | Gateway  |    Genmask    | Interface | Flags |
[   13.231417] cloud-init[926]: ci-info: +-------+-------------+----------+---------------+-----------+-------+
[0;32m  OK  [0m] Reached target Cloud-config availability.
[   13.231795] cloud-init[926]: ci-info: |   0   |   0.0.0.0   | 10.0.2.2 |    0.0.0.0    |   enp0s3  |   UG  |
[   13.243419] cloud-init[926]: ci-info: |   1   |   10.0.2.0  | 0.0.0.0  | 255.255.255.0 |   enp0s3  |   U   |
[[0;32m  OK  [0m] Reached target Network is Online.
[   13.243659] cloud-init[926]: ci-info: +-------+-------------+----------+---------------+-----------+-------+
         [   13.284842] Starting iSCSI initiator daemon (iscsid)...cloud-init
[926]: Generating public/private rsa key pair.
[   13.305188] cloud-init[926]: Your identification has been saved in /etc/ssh/ssh_host_rsa_key.
[   13.305688] cloud-init[926]: Your public key has been saved in /etc/ssh/ssh_host_rsa_key.pub.
[[0;32m  OK  [0m] Reached target System Initialization.
[   13.306020] cloud-init[926]: The key fingerprint is:
[   13.318404] cloud-init[926]: SHA256:xmrZPjSv1NJE7zfYdlVhc29tNnZyMnu7iwpbv98VTdk root@ubuntu-xenial
[[0;32m  OK  [0m] Listening on ACPID Listen Socket.
[   13.318680] cloud-init[926]: The key's randomart image is:
[   13.329113] cloud-init[926]: +---[RSA 2048]----+
[   13.329643] cloud-init[926]: |               +.|
         Starting LXD - unix socket.
[   13.329942] cloud-init[926]: |              . O|
[   13.342066] cloud-init[926]: |          .   ++E|
[[0;32m  OK  [0m] Listening on UUID daemon activation socket.
[   13.342466] cloud-init[926]: |       . . .  .@=|
[   13.384980] cloud-init[926]: |        S . . ..+|
[   13.385247] cloud-init[926]: |       =o+ . o .+|
[[0;32m  OK  [0m] Started Daily apt download activities.
         [   13.385386] Starting Socket activation for snappy daemon.cloud-init
[926]: |      +.++o.o =.o|
[   13.425136] [cloud-init[0;32m  OK  [0m[926]: ] |     . o..= .o.o+|Started ACPI Events Check.

[[   13.425474] cloud-init[926]: |        o+ ..+o+o|
[   13.436849] [0;32m  OK  [0mcloud-init] [926]: Reached target Paths.+----[SHA256]-----+

[   13.446900] cloud-init[926]: Generating public/private dsa key pair.
[   13.447109] cloud-init[926]: Your identification has been saved in /etc/ssh/ssh_host_dsa_key.
[[0;32m  OK  [0m] Started Timer to automatically refresh installed snaps.
[[   13.447265] cloud-init[926]: Your public key has been saved in /etc/ssh/ssh_host_dsa_key.pub.
[   13.473910] cloud-init[926]: The key fingerprint is:
[   13.473963] cloud-init[926]: SHA256:uk8nHyNlnC0Pxs+yFx07rVj6EjlQupYA4BLL2yOs2L4 root@ubuntu-xenial
[0;32m  OK  [0m] Started Daily Cleanup of Temporary Directories.
[[   13.474202] cloud-init[926]: The key's randomart image is:
[0;32m  OK  [0m] Started Timer to automatically fetch and run repair assertions.[   13.512075] 
cloud-init[926]: +---[DSA 1024]----+
[   13.539397] cloud-init[926]: |  . ..           |
[   13.539583] cloud-init[926]: | . +  .     .    |
[   13.540329] cloud-init[926]: |  + .  .   o     |
[   13.540489] cloud-init[926]: | . +    .ooo  .  |
[[0;32m  OK  [0m] Started Daily apt upgrade and clean activities.
[[0;32m  OK  [0m] Reached target Timers.
[[0;32m  OK  [0m] Listening on D-Bus System Message Bus Socket.
[   13.540711] cloud-init[926]: |  + o   S.X+.o + |
[   13.598049] cloud-init[926]: |.o . . . ++*= = .|
[   13.598362] cloud-init[926]: |o .   . +.= +B o |
[[0;32m  OK  [0m] Listening on LXD - unix socket.
[[   13.598543] cloud-init[926]: | .     o = == .  |
[   13.631562] cloud-init[926]: |  E.  ... o. o.  |
[0;32m  OK  [0m] Listening on Socket activation for snappy daemon.
[   13.631625] cloud-init[926]: +----[SHA256]-----+
[   13.667710] cloud-init[926]: Generating public/private ecdsa key pair.
[[0;32m  OK  [0m] Started iSCSI initiator daemon (iscsid).
[   13.667778] cloud-init[926]: Your identification has been saved in /etc/ssh/ssh_host_ecdsa_key.
[   13.750292] cloud-init[926]: Your public key has been saved in /etc/ssh/ssh_host_ecdsa_key.pub.
[   13.750529] cloud-init[926]: The key fingerprint is:
         Starting Login to default iSCSI targets...
[[   13.750645] cloud-init[926]: SHA256:lKrhew4dZ9N0r02oxhjf56S/iDSQNGLgNNcieDcqMD4 root@ubuntu-xenial
[   13.798859] cloud-init[926]: The key's randomart image is:
[0;32m  OK  [0m] Reached target Sockets.
[   13.799069] cloud-init[926]: +---[ECDSA 256]---+
[[0;32m  OK  [0m] [   13.807308] Reached target Basic System.cloud-init
[926]: |   .+ ..         |
[   13.874628]          cloud-initStarting Apply the settings specified in cloud-config...[926]: 
|o .oo++ ..       |
[   13.878487] cloud-init[926]: |.o ..+oo= . .    |
[   13.880622] cloud-init[926]: | E. .. = = . o   |
[   13.882575] cloud-init[926]: |  ... o S . . o  |
[   13.884625]          Starting Pollinate to seed the pseudo random number generator...
         Starting LSB: Record successful boot for GRUB...
         Starting System Logging Service...
[[0;32m  OK  [0m] Started Unattended Upgrades Shutdown.
[[0;32m  OK  [0m] Started FUSE filesystem for LXC.
[[0;32m  OK  [0m] Started Deferred execution scheduler.
[[0;32m  OK  [0m] Started ACPI event daemon.
[[0;32m  OK  [0m] Started D-Bus System Message Bus.
cloud-init[926]: |   . + + B o +   |
[   13.909169] cloud-init[926]: |    + . . B o +  |
[   13.914710] cloud-init[926]: |     o.  o o *   |
[   13.916855] cloud-init[926]: |    .o.   . o.+. |
[   13.922383] cloud-init[926]: +----[SHA256]-----+
[   13.938166] cloud-init[926]: Generating public/private ed25519 key pair.
[   13.939400] cloud-init[926]: Your identification has been saved in /etc/ssh/ssh_host_ed25519_key.
         Starting Accounts Service...
[   13.965359] cloud-init[926]: Your public key has been saved in /etc/ssh/ssh_host_ed25519_key.pub.
[   13.994909] cloud-init[926]: The key fingerprint is:
[   13.997542] cloud-init[926]: SHA256:Usqgv1FqTHocKuLDL2UO7vQToz6UR/uWX82Z9LOP2ww root@ubuntu-xenial
[   14.002564] cloud-init[926]: The key's randomart image is:
         Starting LXD - container startup/shutdown...
         Starting /etc/rc.local Compatibility...
         Starting LSB: MD monitoring daemon...
         Starting Login Service...
[   14.012923] cloud-init[926]: +--[ED25519 256]--+
[   14.068277]          cloud-initStarting Snappy daemon...[926]: 
|                 |
[[0;32m  OK  [0m] Started Regular background program processing daemon.
[[0;32m  OK  [0m] Started System Logging Service.
[[0;32m  OK  [0m] Started /etc/rc.local Compatibility.
[[0;32m  OK  [0m] Started LXD - container startup/shutdown.
[   14.083911] cloud-init[926]: |                 |
[   14.161162] cloud-init[926]: |    .   .        |
[[0;32m  OK  [0m] Started Snappy daemon.
[[0;32m  OK  [0m] Started LSB: Record successful boot for GRUB.
[   14.191605] cloud-init[926]: |   o o o         |
[   14.222804] cloud-init[926]: |  + + = S  .     |
[   14.230490] cloud-init[926]: | + # + .  + +    |
[   14.231242] cloud-init[926]: |*.X % .  . = E   |
[   14.234719] cloud-init[926]: |+O.= *  .     B  |
[   14.247427] cloud-init[926]: |o+=o+ ..     +o+ |
[   14.251783] cloud-init[926]: +----[SHA256]-----+
[[0;32m  OK  [0m] Started Login to default iSCSI targets.
[[0;32m  OK  [0m] Started LSB: MD monitoring daemon.
[   14.261406] cloud-init[1026]: Generating locales (this might take a while)...
         Starting Authenticate and Authorize Users to Run Privileged Tasks...
[[0;32m  OK  [0m] Reached target Remote File Systems (Pre).
[[0;32m  OK  [0m] Reached target Remote File Systems.
         Starting LSB: automatic crash report generation...
         Starting LSB: daemon to balance interrupts for SMP systems...
         Starting LSB: Set the CPU Frequency Scaling governor to "ondemand"...
         Starting Permit User Sessions...
         Starting LSB: VirtualBox Linux Additions...
         Starting Auto import assertions from block devices...
[[0;32m  OK  [0m] Started Permit User Sessions.
[[0;32m  OK  [0m] Started Auto import assertions from block devices.
[[0;32m  OK  [0m] Started Login Service.
[[0;32m  OK  [0m] Started Authenticate and Authorize Users to Run Privileged Tasks.
[[0;32m  OK  [0m] Started Accounts Service.
[[0;32m  OK  [0m] Started LSB: automatic crash report generation.
[[0;32m  OK  [0m] Started LSB: daemon to balance interrupts for SMP systems.
[[0;32m  OK  [0m] Started LSB: Set the CPU Frequency Scaling governor to "ondemand".
         Starting Hold until boot process finishes up...
         Starting Terminate Plymouth Boot Screen...
[[0;32m  OK  [0m] Started LSB: VirtualBox Linux Additions.
[[0;32m  OK  [0m] Started Hold until boot process finishes up.
[[0;32m  OK  [0m] Started Terminate Plymouth Boot Screen.
[[0;32m  OK  [0m] Started Serial Getty on ttyS0.
[[0;32m  OK  [0m] Started Getty on tty1.
[[0;32m  OK  [0m] Reached target Login Prompts.
         Starting Set console scheme...
[[0;32m  OK  [0m] Started Set console scheme.
[   14.896264] cloud-init[1026]:   en_US.UTF-8... done
[   14.916645] cloud-init[1026]: Generation complete.
[[0;32m  OK  [0m] Started Pollinate to seed the pseudo random number generator.
         Starting OpenBSD Secure Shell server...
[[0;32m  OK  [0m] Started OpenBSD Secure Shell server.
[[0;32m  OK  [0m] Reached target Multi-User System.
[[0;32m  OK  [0m] Reached target Graphical Interface.
         Starting Update UTMP about System Runlevel Changes...
[[0;32m  OK  [0m] Started Update UTMP about System Runlevel Changes.
         Stopping OpenBSD Secure Shell server...
[[0;32m  OK  [0m] Stopped OpenBSD Secure Shell server.
         Starting OpenBSD Secure Shell server...
[[0;32m  OK  [0m] Started OpenBSD Secure Shell server.
[   15.262155] cloud-init[1026]: Cloud-init v. 0.7.9 running 'modules:config' at Tue, 19 Sep 2017 18:00:27 +0000. Up 14.11 seconds.
[[0;32m  OK  [0m] Started Apply the settings specified in cloud-config.
         Starting Execute cloud user/final scripts...
ci-info: no authorized ssh keys fingerprints found for user ubuntu.
<14>Sep 19 18:00:29 ec2: 
<14>Sep 19 18:00:29 ec2: #############################################################
<14>Sep 19 18:00:29 ec2: -----BEGIN SSH HOST KEY FINGERPRINTS-----
<14>Sep 19 18:00:29 ec2: 1024 SHA256:uk8nHyNlnC0Pxs+yFx07rVj6EjlQupYA4BLL2yOs2L4 root@ubuntu-xenial (DSA)
<14>Sep 19 18:00:29 ec2: 256 SHA256:lKrhew4dZ9N0r02oxhjf56S/iDSQNGLgNNcieDcqMD4 root@ubuntu-xenial (ECDSA)
<14>Sep 19 18:00:29 ec2: 256 SHA256:Usqgv1FqTHocKuLDL2UO7vQToz6UR/uWX82Z9LOP2ww root@ubuntu-xenial (ED25519)
<14>Sep 19 18:00:29 ec2: 2048 SHA256:xmrZPjSv1NJE7zfYdlVhc29tNnZyMnu7iwpbv98VTdk root@ubuntu-xenial (RSA)
<14>Sep 19 18:00:29 ec2: -----END SSH HOST KEY FINGERPRINTS-----
<14>Sep 19 18:00:29 ec2: #############################################################
-----BEGIN SSH HOST KEY KEYS-----
ecdsa-sha2-nistp256 AAAAE2VjZHNhLXNoYTItbmlzdHAyNTYAAAAIbmlzdHAyNTYAAABBBFScLHrE5vLYtsGLZixLKNAlXSrV+Qjcgpy8sGrUbvxAI92J6PRcPt0xAmWIbvMF+M2LkEWUMypHWaVkOM93DrY= root@ubuntu-xenial
ssh-ed25519 AAAAC3NzaC1lZDI1NTE5AAAAIN7+/qJtCrn+9q/txo0Tag4IizbULasAj6YLbrsWyCpp root@ubuntu-xenial
ssh-rsa AAAAB3NzaC1yc2EAAAADAQABAAABAQD2G9gpWm57KlzJngWURlULmpgwfiJFwRpGU7bZp1LHFBPqjMvOlPlhcbPIEXVF+QZUyD6d89eh7fdHYtxTrtgX+NmytRvxbMS4TfuMLzDEyptO5orSlEZD8TukevQBixOss+xYC8KCWgHvdAp5q5ae+SoSQfqZOrd5GhFuCo5aPK+tmbZPt6C+vR2AuIRJ/zrBXURmOojlO3LUht5XLbMKUdVtZStkLCLdL5l0UkXN+hqx90JWu7RPwyBzRZnWAJ8SD9nqzZDDXGD1gEbCbKYcvv3N42udHGlf0mvmvm9ltewXiXNo4vlOTX5Z/J33Vm9H3m/1qQz2ZsfjEN/WELEJ root@ubuntu-xenial
-----END SSH HOST KEY KEYS-----
[   15.761237] cloud-init[1304]: Cloud-init v. 0.7.9 running 'modules:final' at Tue, 19 Sep 2017 18:00:29 +0000. Up 15.51 seconds.
[   15.802453] cloud-init[1304]: ci-info: no authorized ssh keys fingerprints found for user ubuntu.
[   15.834581] cloud-init[1304]: Cloud-init v. 0.7.9 finished at Tue, 19 Sep 2017 18:00:29 +0000. Datasource DataSourceNoCloud [seed=/dev/sdb][dsmode=net].  Up 15.74 seconds
[[0;32m  OK  [0m] Started Execute cloud user/final scripts.
[[0;32m  OK  [0m] Reached target Cloud-init target.

Ubuntu 16.04.3 LTS ubuntu-xenial ttyS0

ubuntu-xenial login: 