[    0.000000] Initializing cgroup subsys cpuset
[    0.000000] Initializing cgroup subsys cpu
[    0.000000] Initializing cgroup subsys cpuacct
[    0.000000] Linux version 4.4.0-96-generic (buildd@lgw01-10) (gcc version 5.4.0 20160609 (Ubuntu 5.4.0-6ubuntu1~16.04.4) ) #119-Ubuntu SMP Tue Sep 12 14:59:54 UTC 2017 (Ubuntu 4.4.0-96.119-generic 4.4.83)
[    0.000000] Command line: BOOT_IMAGE=/boot/vmlinuz-4.4.0-96-generic root=LABEL=cloudimg-rootfs ro console=tty1 console=ttyS0
[    0.000000] KERNEL supported cpus:
[    0.000000]   Intel GenuineIntel
[    0.000000]   AMD AuthenticAMD
[    0.000000]   Centaur CentaurHauls
[    0.000000] x86/fpu: xstate_offset[2]:  576, xstate_sizes[2]:  256
[    0.000000] x86/fpu: Supporting XSAVE feature 0x01: 'x87 floating point registers'
[    0.000000] x86/fpu: Supporting XSAVE feature 0x02: 'SSE registers'
[    0.000000] x86/fpu: Supporting XSAVE feature 0x04: 'AVX registers'
[    0.000000] x86/fpu: Enabled xstate features 0x7, context size is 832 bytes, using 'standard' format.
[    0.000000] x86/fpu: Using 'lazy' FPU context switches.
[    0.000000] e820: BIOS-provided physical RAM map:
[    0.000000] BIOS-e820: [mem 0x0000000000000000-0x000000000009fbff] usable
[    0.000000] BIOS-e820: [mem 0x000000000009fc00-0x000000000009ffff] reserved
[    0.000000] BIOS-e820: [mem 0x00000000000f0000-0x00000000000fffff] reserved
[    0.000000] BIOS-e820: [mem 0x0000000000100000-0x000000003ffeffff] usable
[    0.000000] BIOS-e820: [mem 0x000000003fff0000-0x000000003fffffff] ACPI data
[    0.000000] BIOS-e820: [mem 0x00000000fec00000-0x00000000fec00fff] reserved
[    0.000000] BIOS-e820: [mem 0x00000000fee00000-0x00000000fee00fff] reserved
[    0.000000] BIOS-e820: [mem 0x00000000fffc0000-0x00000000ffffffff] reserved
[    0.000000] NX (Execute Disable) protection: active
[    0.000000] SMBIOS 2.5 present.
[    0.000000] Hypervisor detected: KVM
[    0.000000] e820: last_pfn = 0x3fff0 max_arch_pfn = 0x400000000
[    0.000000] MTRR: Disabled
[    0.000000] x86/PAT: MTRRs disabled, skipping PAT initialization too.
[    0.000000] CPU MTRRs all blank - virtualized system.
[    0.000000] x86/PAT: Configuration [0-7]: WB  WT  UC- UC  WB  WT  UC- UC  
[    0.000000] found SMP MP-table at [mem 0x0009fff0-0x0009ffff] mapped at [ffff88000009fff0]
[    0.000000] Scanning 1 areas for low memory corruption
[    0.000000] RAMDISK: [mem 0x36ac6000-0x3755afff]
[    0.000000] ACPI: Early table checksum verification disabled
[    0.000000] ACPI: RSDP 0x00000000000E0000 000024 (v02 VBOX  )
[    0.000000] ACPI: XSDT 0x000000003FFF0030 00003C (v01 VBOX   VBOXXSDT 00000001 ASL  00000061)
[    0.000000] ACPI: FACP 0x000000003FFF00F0 0000F4 (v04 VBOX   VBOXFACP 00000001 ASL  00000061)
[    0.000000] ACPI: DSDT 0x000000003FFF0470 0021C8 (v02 VBOX   VBOXBIOS 00000002 INTL 20100528)
[    0.000000] ACPI: FACS 0x000000003FFF0200 000040
[    0.000000] ACPI: FACS 0x000000003FFF0200 000040
[    0.000000] ACPI: APIC 0x000000003FFF0240 00005C (v02 VBOX   VBOXAPIC 00000001 ASL  00000061)
[    0.000000] ACPI: SSDT 0x000000003FFF02A0 0001CC (v01 VBOX   VBOXCPUT 00000002 INTL 20100528)
[    0.000000] No NUMA configuration found
[    0.000000] Faking a node at [mem 0x0000000000000000-0x000000003ffeffff]
[    0.000000] NODE_DATA(0) allocated [mem 0x3ffeb000-0x3ffeffff]
[    0.000000] kvm-clock: Using msrs 4b564d01 and 4b564d00
[    0.000000] kvm-clock: cpu 0, msr 0:3ffe3001, primary cpu clock
[    0.000000] kvm-clock: using sched offset of 3154523235 cycles
[    0.000000] clocksource: kvm-clock: mask: 0xffffffffffffffff max_cycles: 0x1cd42e4dffb, max_idle_ns: 881590591483 ns
[    0.000000] Zone ranges:
[    0.000000]   DMA      [mem 0x0000000000001000-0x0000000000ffffff]
[    0.000000]   DMA32    [mem 0x0000000001000000-0x000000003ffeffff]
[    0.000000]   Normal   empty
[    0.000000]   Device   empty
[    0.000000] Movable zone start for each node
[    0.000000] Early memory node ranges
[    0.000000]   node   0: [mem 0x0000000000001000-0x000000000009efff]
[    0.000000]   node   0: [mem 0x0000000000100000-0x000000003ffeffff]
[    0.000000] Initmem setup node 0 [mem 0x0000000000001000-0x000000003ffeffff]
[    0.000000] ACPI: PM-Timer IO Port: 0x4008
[    0.000000] IOAPIC[0]: apic_id 2, version 32, address 0xfec00000, GSI 0-23
[    0.000000] ACPI: INT_SRC_OVR (bus 0 bus_irq 0 global_irq 2 dfl dfl)
[    0.000000] ACPI: INT_SRC_OVR (bus 0 bus_irq 9 global_irq 9 high level)
[    0.000000] Using ACPI (MADT) for SMP configuration information
[    0.000000] smpboot: Allowing 2 CPUs, 0 hotplug CPUs
[    0.000000] PM: Registered nosave memory: [mem 0x00000000-0x00000fff]
[    0.000000] PM: Registered nosave memory: [mem 0x0009f000-0x0009ffff]
[    0.000000] PM: Registered nosave memory: [mem 0x000a0000-0x000effff]
[    0.000000] PM: Registered nosave memory: [mem 0x000f0000-0x000fffff]
[    0.000000] e820: [mem 0x40000000-0xfebfffff] available for PCI devices
[    0.000000] Booting paravirtualized kernel on KVM
[    0.000000] clocksource: refined-jiffies: mask: 0xffffffff max_cycles: 0xffffffff, max_idle_ns: 7645519600211568 ns
[    0.000000] setup_percpu: NR_CPUS:512 nr_cpumask_bits:512 nr_cpu_ids:2 nr_node_ids:1
[    0.000000] PERCPU: Embedded 34 pages/cpu @ffff88003fc00000 s98328 r8192 d32744 u1048576
[    0.000000] PV qspinlock hash table entries: 256 (order: 0, 4096 bytes)
[    0.000000] Built 1 zonelists in Node order, mobility grouping on.  Total pages: 257913
[    0.000000] Policy zone: DMA32
[    0.000000] Kernel command line: BOOT_IMAGE=/boot/vmlinuz-4.4.0-96-generic root=LABEL=cloudimg-rootfs ro console=tty1 console=ttyS0
[    0.000000] PID hash table entries: 4096 (order: 3, 32768 bytes)
[    0.000000] Memory: 1001728K/1048120K available (8479K kernel code, 1294K rwdata, 3984K rodata, 1492K init, 1316K bss, 46392K reserved, 0K cma-reserved)
[    0.000000] SLUB: HWalign=64, Order=0-3, MinObjects=0, CPUs=2, Nodes=1
[    0.000000] Hierarchical RCU implementation.
[    0.000000] 	Build-time adjustment of leaf fanout to 64.
[    0.000000] 	RCU restricting CPUs from NR_CPUS=512 to nr_cpu_ids=2.
[    0.000000] RCU: Adjusting geometry for rcu_fanout_leaf=64, nr_cpu_ids=2
[    0.000000] NR_IRQS:33024 nr_irqs:440 16
[    0.000000] Console: colour VGA+ 80x25
[    0.000000] console [tty1] enabled
[    0.000000] console [ttyS0] enabled
[    0.000000] tsc: Detected 2693.764 MHz processor
[    3.864034] Calibrating delay loop (skipped) preset value.. 5387.52 BogoMIPS (lpj=10775056)
[    3.867202] pid_max: default: 32768 minimum: 301
[    3.868871] ACPI: Core revision 20150930
[    3.914523] ACPI: 2 ACPI AML tables successfully acquired and loaded
[    4.008970] Security Framework initialized
[    4.070917] Yama: becoming mindful.
[    4.118867] AppArmor: AppArmor initialized
[    4.180041] Dentry cache hash table entries: 131072 (order: 8, 1048576 bytes)
[    4.274544] Inode-cache hash table entries: 65536 (order: 7, 524288 bytes)
[    4.369833] Mount-cache hash table entries: 2048 (order: 2, 16384 bytes)
[    4.463244] Mountpoint-cache hash table entries: 2048 (order: 2, 16384 bytes)
[    4.565847] Initializing cgroup subsys io
[    4.608432] Initializing cgroup subsys memory
[    4.616619] Initializing cgroup subsys devices
[    4.618422] Initializing cgroup subsys freezer
[    4.626005] Initializing cgroup subsys net_cls
[    4.631345] Initializing cgroup subsys perf_event
[    4.633241] Initializing cgroup subsys net_prio
[    4.635600] Initializing cgroup subsys hugetlb
[    4.637819] Initializing cgroup subsys pids
[    4.642559] CPU: Physical Processor ID: 0
[    4.644507] CPU: Processor Core ID: 0
[    4.649113] mce: CPU supports 0 MCE banks
[    4.695394] Last level iTLB entries: 4KB 1024, 2MB 1024, 4MB 1024
[    4.776417] Last level dTLB entries: 4KB 1024, 2MB 1024, 4MB 1024, 1GB 4
[    4.860916] Freeing SMP alternatives memory: 32K
[    4.939643] ftrace: allocating 32146 entries in 126 pages
[    5.059251] smpboot: APIC(0) Converting physical 0 to logical package 0
[    5.151434] smpboot: Max logical packages: 1
[    5.203403] x2apic enabled
[    5.247179] Switched APIC routing to physical x2apic.
[    5.270567] ..TIMER: vector=0x30 apic1=0 pin1=2 apic2=-1 pin2=-1
[    5.378679] smpboot: CPU0: Intel(R) Core(TM) i7-4600U CPU @ 2.10GHz (family: 0x6, model: 0x45, stepping: 0x1)
[    5.524951] Performance Events: unsupported p6 CPU model 69 no PMU driver, software events only.
[    5.650126] KVM setup paravirtual spinlock
[    5.700608] x86: Booting SMP configuration:
[    5.703394] .... node  #0, CPUs:      #1
[    5.713657] kvm-clock: cpu 1, msr 0:3ffe3041, secondary cpu clock
[    5.734280] mce: CPU supports 0 MCE banks
[    5.737019] x86: Booted up 1 node, 2 CPUs
[    5.772430] smpboot: Total of 2 processors activated (10775.05 BogoMIPS)
[    5.852355] devtmpfs: initialized
[    5.885274] evm: security.selinux
[    5.927526] evm: security.SMACK64
[    5.957259] evm: security.SMACK64EXEC
[    6.003140] evm: security.SMACK64TRANSMUTE
[    6.050114] evm: security.SMACK64MMAP
[    6.089717] evm: security.ima
[    6.127212] evm: security.capability
[    6.166718] clocksource: jiffies: mask: 0xffffffff max_cycles: 0xffffffff, max_idle_ns: 7645041785100000 ns
[    6.282845] futex hash table entries: 512 (order: 3, 32768 bytes)
[    6.354509] pinctrl core: initialized pinctrl subsystem
[    6.415691] RTC time: 20:43:20, date: 09/19/17
[    6.479102] NET: Registered protocol family 16
[    6.535401] cpuidle: using governor ladder
[    6.588165] cpuidle: using governor menu
[    6.611790] PCCT header not found.
[    6.647727] ACPI: bus type PCI registered
[    6.690787] acpiphp: ACPI Hot Plug PCI Controller Driver version: 0.5
[    6.759433] PCI: Using configuration type 1 for base access
[    6.809829] ACPI: Added _OSI(Module Device)
[    6.851570] ACPI: Added _OSI(Processor Device)
[    6.895619] ACPI: Added _OSI(3.0 _SCP Extensions)
[    6.950675] ACPI: Added _OSI(Processor Aggregator Device)
[    7.011414] ACPI: Executed 1 blocks of module-level executable AML code
[    7.093171] ACPI: Interpreter enabled
[    7.148896] ACPI: (supports S0 S5)
[    7.185641] ACPI: Using IOAPIC for interrupt routing
[    7.236368] PCI: Using host bridge windows from ACPI; if necessary, use "pci=nocrs" and report a bug
[    7.348498] ACPI: PCI Root Bridge [PCI0] (domain 0000 [bus 00-ff])
[    7.410325] acpi PNP0A03:00: _OSC: OS supports [ASPM ClockPM Segments MSI]
[    7.415157] acpi PNP0A03:00: _OSC failed (AE_NOT_FOUND); disabling ASPM
[    7.487249] acpi PNP0A03:00: fail to add MMCONFIG information, can't access extended PCI configuration space under this bridge.
[    7.559695] PCI host bridge to bus 0000:00
[    7.587896] pci_bus 0000:00: root bus resource [io  0x0000-0x0cf7 window]
[    7.666239] pci_bus 0000:00: root bus resource [io  0x0d00-0xffff window]
[    7.737665] pci_bus 0000:00: root bus resource [mem 0x000a0000-0x000bffff window]
[    7.809168] pci_bus 0000:00: root bus resource [mem 0x40000000-0xffdfffff window]
[    7.843037] pci_bus 0000:00: root bus resource [bus 00-ff]
[    7.879170] pci 0000:00:01.1: legacy IDE quirk: reg 0x10: [io  0x01f0-0x01f7]
[    7.957910] pci 0000:00:01.1: legacy IDE quirk: reg 0x14: [io  0x03f6]
[    8.029313] pci 0000:00:01.1: legacy IDE quirk: reg 0x18: [io  0x0170-0x0177]
[    8.058924] pci 0000:00:01.1: legacy IDE quirk: reg 0x1c: [io  0x0376]
[    8.170273] pci 0000:00:07.0: quirk: [io  0x4000-0x403f] claimed by PIIX4 ACPI
[    8.259687] pci 0000:00:07.0: quirk: [io  0x4100-0x410f] claimed by PIIX4 SMB
[    8.340828] ACPI: PCI Interrupt Link [LNKA] (IRQs 5 9 10 *11)
[    8.410454] ACPI: PCI Interrupt Link [LNKB] (IRQs 5 9 10 *11)
[    8.481932] ACPI: PCI Interrupt Link [LNKC] (IRQs 5 9 *10 11)
[    8.547153] ACPI: PCI Interrupt Link [LNKD] (IRQs 5 *9 10 11)
[    8.601576] ACPI: Enabled 2 GPEs in block 00 to 07
[    8.646117] vgaarb: setting as boot device: PCI:0000:00:02.0
[    8.702892] vgaarb: device added: PCI:0000:00:02.0,decodes=io+mem,owns=io+mem,locks=none
[    8.793515] vgaarb: loaded
[    8.823529] vgaarb: bridge control possible 0000:00:02.0
[    8.859551] SCSI subsystem initialized
[    8.897174] ACPI: bus type USB registered
[    8.899517] usbcore: registered new interface driver usbfs
[    8.947969] usbcore: registered new interface driver hub
[    8.969590] usbcore: registered new device driver usb
[    8.976068] PCI: Using ACPI for IRQ routing
[    9.028991] NetLabel: Initializing
[    9.065078] NetLabel:  domain hash size = 128
[    9.107369] NetLabel:  protocols = UNLABELED CIPSOv4
[    9.163486] NetLabel:  unlabeled traffic allowed by default
[    9.243932] amd_nb: Cannot enumerate AMD northbridges
[    9.310558] clocksource: Switched to clocksource kvm-clock
[    9.403743] AppArmor: AppArmor Filesystem Enabled
[    9.519627] pnp: PnP ACPI init
[    9.584482] pnp: PnP ACPI: found 3 devices
[    9.678831] clocksource: acpi_pm: mask: 0xffffff max_cycles: 0xffffff, max_idle_ns: 2085701024 ns
[    9.829675] NET: Registered protocol family 2
[    9.909915] TCP established hash table entries: 8192 (order: 4, 65536 bytes)
[    9.945033] TCP bind hash table entries: 8192 (order: 5, 131072 bytes)
[   10.093744] TCP: Hash tables configured (established 8192 bind 8192)
[   10.173310] UDP hash table entries: 512 (order: 2, 16384 bytes)
[   10.324239] UDP-Lite hash table entries: 512 (order: 2, 16384 bytes)
[   10.449562] NET: Registered protocol family 1
[   10.554671] pci 0000:00:00.0: Limiting direct PCI/PCI transfers
[   10.697372] pci 0000:00:01.0: Activating ISA DMA hang workarounds
[   10.869768] Unpacking initramfs...
[   12.823991] Freeing initrd memory: 10836K
[   12.898245] RAPL PMU detected, API unit is 2^-32 Joules, 4 fixed counters 10737418240 ms ovfl timer
[   13.066764] hw unit of domain pp0-core 2^-0 Joules
[   13.073298] hw unit of domain package 2^-0 Joules
[   13.106815] hw unit of domain dram 2^-0 Joules
[   13.160327] hw unit of domain pp1-gpu 2^-0 Joules
[   13.204420] platform rtc_cmos: registered platform RTC device (no PNP device found)
[   13.375374] Scanning for low memory corruption every 60 seconds
[   13.519810] audit: initializing netlink subsys (disabled)
[   13.563729] audit: type=2000 audit(1505853803.386:1): initialized
[   13.600088] Initialise system trusted keyring
[   13.603906] HugeTLB registered 2 MB page size, pre-allocated 0 pages
[   13.630962] zbud: loaded
[   13.661241] VFS: Disk quotas dquot_6.6.0
[   13.692142] VFS: Dquot-cache hash table entries: 512 (order 0, 4096 bytes)
[   13.754174] squashfs: version 4.0 (2009/01/31) Phillip Lougher
[   13.821617] fuse init (API version 7.23)
[   13.918448] Key type big_key registered
[   13.998226] Allocating IMA MOK and blacklist keyrings.
[   14.074321] Key type asymmetric registered
[   14.112701] Asymmetric key parser 'x509' registered
[   14.123719] Block layer SCSI generic (bsg) driver version 0.4 loaded (major 249)
[   14.156990] io scheduler noop registered
[   14.175693] io scheduler deadline registered (default)
[   14.214762] tsc: Refined TSC clocksource calibration: 2694.551 MHz
[   14.286570] clocksource: tsc: mask: 0xffffffffffffffff max_cycles: 0x26d7231bab6, max_idle_ns: 440795258022 ns
[   14.286640] io scheduler cfq registered
[   14.286726] pci_hotplug: PCI Hot Plug PCI Core version: 0.5
[   14.286731] pciehp: PCI Express Hot Plug Controller Driver version: 0.4
[   14.286852] ACPI: AC Adapter [AC] (off-line)
[   14.286896] input: Power Button as /devices/LNXSYSTM:00/LNXPWRBN:00/input/input0
[   14.286898] ACPI: Power Button [PWRF]
[   14.286955] input: Sleep Button as /devices/LNXSYSTM:00/LNXSLPBN:00/input/input1
[   14.286956] ACPI: Sleep Button [SLPF]
[   14.446919] GHES: HEST is not enabled!
[   14.448311] ACPI: Battery Slot [BAT0] (battery present)
[   14.448390] Serial: 8250/16550 driver, 32 ports, IRQ sharing enabled
[   14.580159] 00:02: ttyS0 at I/O 0x3f8 (irq = 4, base_baud = 115200) is a 16550A
[   14.719041] Linux agpgart interface v0.103
[   14.720085] loop: module loaded
[   14.720589] scsi host0: ata_piix
[   14.720639] scsi host1: ata_piix
[   14.720666] ata1: PATA max UDMA/33 cmd 0x1f0 ctl 0x3f6 bmdma 0xd000 irq 14
[   14.720667] ata2: PATA max UDMA/33 cmd 0x170 ctl 0x376 bmdma 0xd008 irq 15
[   14.720733] libphy: Fixed MDIO Bus: probed
[   14.720735] tun: Universal TUN/TAP device driver, 1.6
[   14.720736] tun: (C) 1999-2004 Max Krasnyansky <maxk@qualcomm.com>
[   14.721014] PPP generic driver version 2.4.2
[   14.721062] ehci_hcd: USB 2.0 'Enhanced' Host Controller (EHCI) Driver
[   14.721065] ehci-pci: EHCI PCI platform driver
[   14.721073] ehci-platform: EHCI generic platform driver
[   14.721081] ohci_hcd: USB 1.1 'Open' Host Controller (OHCI) Driver
[   14.721086] ohci-pci: OHCI PCI platform driver
[   14.721093] ohci-platform: OHCI generic platform driver
[   14.721099] uhci_hcd: USB Universal Host Controller Interface driver
[   14.721145] i8042: PNP: PS/2 Controller [PNP0303:PS2K,PNP0f03:PS2M] at 0x60,0x64 irq 1,12
[   14.722042] serio: i8042 KBD port at 0x60,0x64 irq 1
[   14.722046] serio: i8042 AUX port at 0x60,0x64 irq 12
[   14.722157] mousedev: PS/2 mouse device common for all mice
[   14.722454] rtc_cmos rtc_cmos: rtc core: registered rtc_cmos as rtc0
[   14.722513] rtc_cmos rtc_cmos: alarms up to one day, 114 bytes nvram
[   14.722519] i2c /dev entries driver
[   14.722566] device-mapper: uevent: version 1.0.3
[   14.722648] device-mapper: ioctl: 4.34.0-ioctl (2015-10-28) initialised: dm-devel@redhat.com
[   14.722661] ledtrig-cpu: registered to indicate activity on CPUs
[   14.722951] NET: Registered protocol family 10
[   14.723090] NET: Registered protocol family 17
[   14.723103] Key type dns_resolver registered
[   14.723696] microcode: CPU0 sig=0x40651, pf=0x40, revision=0x0
[   14.723703] microcode: CPU1 sig=0x40651, pf=0x40, revision=0x0
[   14.723777] microcode: Microcode Update Driver: v2.01 <tigran@aivazian.fsnet.co.uk>, Peter Oruba
[   14.723928] registered taskstats version 1
[   14.723947] Loading compiled-in X.509 certificates
[   14.724935] Loaded X.509 cert 'Build time autogenerated kernel key: b1a6ea8776bed2812c00d8a799f968274ef48628'
[   14.724954] zswap: loaded using pool lzo/zbud
[   14.726346] Key type trusted registered
[   14.728274] Key type encrypted registered
[   14.728278] AppArmor: AppArmor sha1 policy hashing enabled
[   14.728281] ima: No TPM chip found, activating TPM-bypass!
[   14.728300] evm: HMAC attrs: 0x1
[   14.728532]   Magic number: 1:254:751
[   14.728535] misc uinput: hash matches
[   14.728538] ata_link link2: hash matches
[   14.728538]  link2: hash matches
[   14.728544] tty ttyS2: hash matches
[   14.735231] rtc_cmos rtc_cmos: setting system clock to 2017-09-19 20:43:28 UTC (1505853808)
[   14.735322] BIOS EDD facility v0.16 2004-Jun-25, 0 devices found
[   14.735322] EDD information not available.
[   15.020610] input: AT Translated Set 2 keyboard as /devices/platform/i8042/serio0/input/input2
[   16.338986] Freeing unused kernel memory: 1492K
[   16.447159] Write protecting the kernel read-only data: 14336k
[   16.584739] Freeing unused kernel memory: 1748K
[   16.691811] Freeing unused kernel memory: 112K
Loading, please [   16.849803] random: systemd-udevd: uninitialized urandom read (16 bytes read, 4 bits of entropy available)
wait...
startin[   16.850244] random: udevadm: uninitialized urandom read (16 bytes read, 4 bits of entropy available)
g version 229
[   16.850292] random: udevadm: uninitialized urandom read (16 bytes read, 4 bits of entropy available)
[   16.850386] random: udevadm: uninitialized urandom read (16 bytes read, 4 bits of entropy available)
[   16.850419] random: udevadm: uninitialized urandom read (16 bytes read, 4 bits of entropy available)
[   16.850450] random: udevadm: uninitialized urandom read (16 bytes read, 4 bits of entropy available)
[   16.850483] random: udevadm: uninitialized urandom read (16 bytes read, 4 bits of entropy available)
[   16.850515] random: udevadm: uninitialized urandom read (16 bytes read, 4 bits of entropy available)
[   16.850544] random: udevadm: uninitialized urandom read (16 bytes read, 4 bits of entropy available)
[   16.850572] random: udevadm: uninitialized urandom read (16 bytes read, 4 bits of entropy available)
[   17.321169] e1000: Intel(R) PRO/1000 Network Driver - version 7.3.21-k8-NAPI
[   17.329979] e1000: Copyright (c) 1999-2006 Intel Corporation.
[   17.342859] Fusion MPT base driver 3.04.20
[   17.371074] Copyright (c) 1999-2008 LSI Corporation
[   17.376249] Fusion MPT SPI Host driver 3.04.20
[   17.392157] AVX version of gcm_enc/dec engaged.
[   17.394281] AES CTR mode by8 optimization enabled
[   17.598340] input: ImExPS/2 Generic Explorer Mouse as /devices/platform/i8042/serio1/input/input4
[   17.707105] e1000 0000:00:03.0 eth0: (PCI:33MHz:32-bit) 02:42:5d:6e:03:5a
[   17.795532] e1000 0000:00:03.0 eth0: Intel(R) PRO/1000 Network Connection
[   17.870848] mptbase: ioc0: Initiating bringup
[   17.871310] e1000 0000:00:03.0 enp0s3: renamed from eth0
[   18.043905] ioc0: LSI53C1030 A0: Capabilities={Initiator}
[   18.319841] scsi host2: ioc0: LSI53C1030 A0, FwRev=00000000h, Ports=1, MaxQ=256, IRQ=20
[   18.477422] scsi 2:0:0:0: Direct-Access     VBOX     HARDDISK         1.0  PQ: 0 ANSI: 5
[   18.487852] scsi target2:0:0: Beginning Domain Validation
[   18.601332] scsi target2:0:0: Domain Validation skipping write tests
[   18.603824] scsi target2:0:0: Ending Domain Validation
[   18.604786] scsi target2:0:0: asynchronous
[   18.606089] scsi 2:0:1:0: Direct-Access     VBOX     HARDDISK         1.0  PQ: 0 ANSI: 5
[   18.772212] scsi target2:0:1: Beginning Domain Validation
[   18.821657] scsi target2:0:1: Domain Validation skipping write tests
[   18.969250] scsi target2:0:1: Ending Domain Validation
[   19.087320] scsi target2:0:1: asynchronous
[   19.211665] sd 2:0:0:0: [sda] 20971520 512-byte logical blocks: (10.7 GB/10.0 GiB)
[   19.226731] sd 2:0:0:0: Attached scsi generic sg0 type 0
[   19.339459] sd 2:0:1:0: [sdb] 20480 512-byte logical blocks: (10.5 MB/10.0 MiB)
[   19.339584] sd 2:0:1:0: [sdb] Write Protect is off
[   19.339669] sd 2:0:1:0: [sdb] Incomplete mode parameter data
[   19.339670] sd 2:0:1:0: [sdb] Assuming drive cache: write through
[   19.339681] sd 2:0:1:0: Attached scsi generic sg1 type 0
[   19.344136] sd 2:0:1:0: [sdb] Attached SCSI disk
[   19.483099] sd 2:0:0:0: [sda] Write Protect is off
[   19.510122] sd 2:0:0:0: [sda] Incomplete mode parameter data
[   19.625205] sd 2:0:0:0: [sda] Assuming drive cache: write through
[   19.631354]  sda: sda1
[   19.697546] sd 2:0:0:0: [sda] Attached SCSI disk
[   20.342699] floppy0: no floppy controllers found
Begin: Loading e[   21.907446] md: linear personality registered for level -1
ssential drivers[   21.994260] md: multipath personality registered for level -4
 ... [   22.057819] md: raid0 personality registered for level 0
[   22.117397] md: raid1 personality registered for level 1
[   22.254815] raid6: sse2x1   gen()  8877 MB/s
[   22.378882] raid6: sse2x1   xor()  7237 MB/s
[   22.486791] raid6: sse2x2   gen() 11428 MB/s
[   22.606943] raid6: sse2x2   xor()  7614 MB/s
[   22.739054] raid6: sse2x4   gen() 13069 MB/s
[   22.815007] raid6: sse2x4   xor()  7283 MB/s
[   22.886631] raid6: using algorithm sse2x4 gen() 13069 MB/s
[   22.966738] raid6: .... xor() 7283 MB/s, rmw enabled
[   23.039053] raid6: using ssse3x2 recovery algorithm
[   23.056477] xor: automatically using best checksumming function:
[   23.154616]    avx       : 19821.000 MB/sec
[   23.208093] async_tx: api initialized (async)
[   23.299869] md: raid6 personality registered for level 6
[   23.385692] md: raid5 personality registered for level 5
[   23.421794] md: raid4 personality registered for level 4
[   23.524281] md: raid10 personality registered for level 10
done.
Begin: Running /scripts/init-premount ... done[   23.641122] Btrfs loaded
.
Begin: Mounting root file system ... Begin: Running /scripts/local-top ... done.
Begin: Running /scripts/local-premount ... Scanning for Btrfs filesystems
done.
Warning: fsck no[   23.727145] EXT4-fs (sda1): mounted filesystem with ordered data mode. Opts: (null)
t present, so skipping root file system
done.
Begin: Running /scripts/local-bottom ... done.
Begin: Running /scripts/init-bottom ... done.
[   23.888331] systemd[1]: systemd 229 running in system mode. (+PAM +AUDIT +SELINUX +IMA +APPARMOR +SMACK +SYSVINIT +UTMP +LIBCRYPTSETUP +GCRYPT +GNUTLS +ACL +XZ -LZ4 +SECCOMP +BLKID +ELFUTILS +KMOD -IDN)
[   24.089232] systemd[1]: Detected virtualization oracle.
[   24.159074] systemd[1]: Detected architecture x86-64.

Welcome to [1mUbuntu 16.04.3 LTS[0m!

[   24.255927] systemd[1]: Set hostname to <ubuntu>.
[   24.371222] systemd[1]: Initializing machine ID from random generator.
[   24.449568] systemd[1]: Installed transient /etc/machine-id file.
[   24.646427] systemd[1]: Listening on Device-mapper event daemon FIFOs.
[[0;32m  OK  [0m] Listening on Device-mapper event daemon FIFOs.
[   24.776258] systemd[1]: Listening on Journal Audit Socket.
[[0;32m  OK  [0m] Listening on Journal Audit Socket.
[   24.888415] systemd[1]: Reached target User and Group Name Lookups.
[[0;32m  OK  [0m] Reached target User and Group Name Lookups.
[   24.932722] systemd[1]: Set up automount Arbitrary Executable File Formats File System Automount Point.
[[0;32m  OK  [0m] Set up automount Arbitrary Executab...ats File System Automount Point.
[   25.156289] systemd[1]: Created slice System Slice.
[[0;32m  OK  [0m] Created slice System Slice.
[   25.295499] systemd[1]: Listening on LVM2 metadata daemon socket.
[[0;32m  OK  [0m] Listening on LVM2 metadata daemon socket.
[   25.480114] systemd[1]: Listening on udev Kernel Socket.
[[0;32m  OK  [0m] Listening on udev Kernel Socket.
[   25.603607] systemd[1]: Started Trigger resolvconf update for networkd DNS.
[[0;32m  OK  [0m] Started Trigger resolvconf update for networkd DNS.
[   25.803439] systemd[1]: Listening on udev Control Socket.
[[0;32m  OK  [0m] Listening on udev Control Socket.
[   25.987510] systemd[1]: Created slice User and Session Slice.
[[0;32m  OK  [0m] Created slice User and Session Slice.
[   26.171679] systemd[1]: Reached target Swap.
[[0;32m  OK  [0m] Reached target Swap.
[   26.287471] systemd[1]: Listening on Journal Socket.
[[0;32m  OK  [0m] Listening on Journal Socket.
[   26.450886] systemd[1]: Mounting POSIX Message Queue File System...
         Mounting POSIX Message Queue File System...
[   26.575762] systemd[1]: Starting Remount Root and Kernel File Systems...
         Starting Remount[   26.646562] EXT4-fs (sda1): re-mounted. Opts: (null)
 Root and Kernel File Systems...
[   26.767410] systemd[1]: Starting Nameserver information manager...
         Starting Nameserver information manager...
[   26.915616] systemd[1]: Starting Monitoring of LVM2 mirrors, snapshots etc. using dmeventd or progress polling...
         Starting Monitoring of LVM2 mirrors... dmeventd or progress polling...
[   27.030928] systemd[1]: Starting Create list of required static device nodes for the current kernel...
[   27.075875] random: nonblocking pool is initialized
         Starting Create list of required st... nodes for the current kernel...
[   27.211527] systemd[1]: Listening on /dev/initctl Compatibility Named Pipe.
[[0;32m  OK  [0m] Listening on /dev/initctl Compatibility Named Pipe.
[   27.411375] systemd[1]: Listening on Journal Socket (/dev/log).
[[0;32m  OK  [0m] Listening on Journal Socket (/dev/log).
[   27.528053] systemd[1]: Started Forward Password Requests to Wall Directory Watch.
[[0;32m  OK  [0m] Started Forward Password Requests to Wall Directory Watch.
[   27.631676] systemd[1]: Starting Load Kernel Modules...
         Starting Load Ke[   27.709912] Loading iSCSI transport class v2.0-870.
rnel Modules...
[   27.767517] systemd[1]: Starting Set console keymap...
         Starting Set console keymap...
[   27.785983] iscsi: registered transport (tcp)
[   27.884176] systemd[1]: Reached target Slices.
[[0;32m  OK  [0m] Reached target Slices.
[   27.902157] systemd[1]: Mounting Huge Pages File System...
         Mounting Huge Pages File System...
[   27.913982] systemd[1]: Reached target Encrypted Volumes.
[[0;32m  OK  [0m] Reached target E[   27.989105] iscsi: registered transport (iser)
ncrypted Volumes.
[   28.063611] systemd[1]: Created slice system-serial\x2dgetty.slice.
[[0;32m  OK  [0m] Created slice system-serial\x2dgetty.slice.
[   28.119740] systemd[1]: Starting Uncomplicated firewall...
         Starting Uncomplicated firewall...
[   28.137994] systemd[1]: Listening on LVM2 poll daemon socket.
[[0;32m  OK  [0m] Listening on LVM2 poll daemon socket.
[   28.175462] systemd[1]: Listening on Syslog Socket.
[[0;32m  OK  [0m] Listening on Syslog Socket.
[   28.223265] systemd[1]: Starting Journal Service...
         Starting Journal Service...
[   28.290344] systemd[1]: Mounting Debug File System...
         Mounting Debug File System...
[   28.392396] systemd[1]: Mounted Debug File System.
[[0;32m  OK  [0m] Mounted Debug File System.
[   28.494955] systemd[1]: Mounted Huge Pages File System.
[[0;32m  OK  [0m] Mounted Huge Pages File System.
[   28.607138] systemd[1]: Mounted POSIX Message Queue File System.
[[0;32m  OK  [0m] Mounted POSIX Message Queue File System.
[   28.771262] systemd[1]: Started Journal Service.
[[0;32m  OK  [0m] Started Journal Service.
[[0;32m  OK  [0m] Started Remount Root and Kernel File Systems.
[[0;32m  OK  [0m] Started Create list of required sta...ce nodes for the current kernel.
[[0;32m  OK  [0m] Started Load Kernel Modules.
[[0;32m  OK  [0m] Started Set console keymap.
[[0;32m  OK  [0m] Started Uncomplicated firewall.
[[0;32m  OK  [0m] Started Nameserver information manager.
[[0;32m  OK  [0m] Started LVM2 metadata daemon.
         Mounting FUSE Control File System...
         Starting Apply Kernel Variables...
         Starting Create Static Device Nodes in /dev...
         Starting Load/Save Random Seed...
         Starting udev Coldplug all Devices...
         Starting Initial cloud-init job (pre-networking)...
         Starting Flush Journal to Persistent Storage...
[[0;32m  OK  [0m] Mounted FUSE Control File System.
[[0;32m  OK  [0m] Started Apply Kernel Variables.
[[0;32m  OK  [0m] Started Create Static Device Nodes in /dev.
[[0;32m  OK  [0m] Started Load/Save Random Seed.
[[0;32m  OK  [0m] Started udev Coldplug all Devices.
[[0;32m  OK  [0m] Started Flush Journal to Persistent Storage.
         Starting udev Kernel Device Manager...
[[0;32m  OK  [0m] Started udev Kernel Device Manager.
[[0;32m  OK  [0m] Started Dispatch Password Requests to Console Directory Watch.
[[0;32m  OK  [0m] Started Monitoring of LVM2 mirrors,...ng dmeventd or progress polling.
[[0;32m  OK  [0m] Reached target Local File Systems (Pre).
[[0;32m  OK  [0m] Reached target Local File Systems.
         Starting LSB: AppArmor initialization...
         Starting Set console font and keymap...
         Starting Commit a transient machine-id on disk...
         Starting Tell Plymouth To Write Out Runtime Data...
         Starting Create Volatile Files and Directories...
[[0;32m  OK  [0m] Started Commit a transient machine-id on disk.
[[0;32m  OK  [0m] Started Tell Plymouth To Write Out Runtime Data.
[[0;32m  OK  [0m] Started Create Volatile Files and Directories.
[[0;32m  OK  [0m] Found device /dev/ttyS0.
[[0;32m  OK  [0m] Listening on Load/Save RF Kill Switch Status /dev/rfkill Watch.
[[0;32m  OK  [0m] Reached target System Time Synchronized.
         Starting Update UTMP about System Boot/Shutdown...
[   22.336515] cloud-init[460]: Cloud-init v. 0.7.9 running 'init-local' at Tue, 19 Sep 2017 20:43:44 +0000. Up 21.97 seconds.
[[0;32m  OK  [0m] Started Initial cloud-init job (pre-networking).
[[0;32m  OK  [0m] Started LSB: AppArmor initialization.
[[0;32m  OK  [0m] Started Update UTMP about System Boot/Shutdown.
[[0;32m  OK  [0m] Started Set console font and keymap.
[[0;32m  OK  [0m] Created slice system-getty.slice.
[[0;32m  OK  [0m] Reached target Network (Pre).
         Starting Raise network interfaces...
[[0;32m  OK  [0m] Started Raise network interfaces.
[[0;32m  OK  [0m] Reached target Network.
         Starting Initial cloud-init job (metadata service crawler)...
[   26.261342] cloud-init[938]: Cloud-init v. 0.7.9 running 'init' at Tue, 19 Sep 2017 20:43:47 +0000. Up 25.09 seconds.
[   26.348570] [cloud-init[0;32m  OK  [0m[938]: ] ci-info: +++++++++++++++++++++++++++++++++++++Net device info+++++++++++++++++++++++++++++++++++++Started Initial cloud-init job (metadata service crawler).

[   26.349032] cloud-init[938]: ci-info: +--------+------+---------------------------+---------------+-------+-------------------+
[   26.588747] [cloud-init[0;32m  OK  [0m[938]: ] ci-info: | Device |  Up  |          Address          |      Mask     | Scope |     Hw-Address    |Reached target System Initialization.

[[0;32m  OK  [0m] Started Timer to automatically refresh installed snaps.
[[0;32m  OK  [0m] Started Timer to automatically fetch and run repair assertions.
[   26.590486] cloud-init[938]: ci-info: +--------+------+---------------------------+---------------+-------+-------------------+
[   26.833487] [cloud-init[0;32m  OK  [0m[938]: ] ci-info: |   lo   | True |         127.0.0.1         |   255.0.0.0   |   .   |         .         |Listening on ACPID Listen Socket.

[   26.835180] [cloud-init[0;32m  OK  [0m[938]: ] ci-info: |   lo   | True |          ::1/128          |       .       |  host |         .         |Listening on D-Bus System Message Bus Socket.

[   26.899144]          Starting LXD - unix socket.
[[0;32m  OK  [0m] Started Daily Cleanup of Temporary Directories.
[[0;32m  OK  [0m] Listening on UUID daemon activation socket.
         Starting Socket activation for snappy daemon.
cloud-init[938]: ci-info: | enp0s3 | True |         10.0.2.15         | 255.255.255.0 |   .   | 02:42:5d:6e:03:5a |
[[0;32m  OK  [0m] Started ACPI Events Check.
[   27.176998] cloud-init[938]: ci-info: | enp0s3 | True | fe80::42:5dff:fe6e:35a/64 |       .       |  link | 02:42:5d:6e:03:5a |
[   27.186060] cloud-init[938]: ci-info: +--------+------+---------------------------+---------------+-------+-------------------+
[[0;32m  OK  [0m] Reached target Paths.
[   27.186693] cloud-init[938]: ci-info: +++++++++++++++++++++++++++Route IPv4 info++++++++++++++++++++++++++++
[   27.269394] cloud-init[938]: ci-info: +-------+-------------+----------+---------------+-----------+-------+
[   27.270789] cloud-init[938]: ci-info: | Route | Destination | Gateway  |    Genmask    | Interface | Flags |
[[0;32m  OK  [0m] Reached target Network is Online.
[   27.271499] cloud-init[938]: ci-info: +-------+-------------+----------+---------------+-----------+-------+
[   27.308519] cloud-init[938]: ci-info: |   0   |   0.0.0.0   | 10.0.2.2 |    0.0.0.0    |   enp0s3  |   UG  |
[   27.322909] cloud-init[938]: ci-info: |   1   |   10.0.2.0  | 0.0.0.0  | 255.255.255.0 |   enp0s3  |   U   |
[   27.324431] cloud-init[938]: ci-info: +-------+-------------+----------+---------------+-----------+-------+
[   27.325101] cloud-init[938]: Generating public/private rsa key pair.
[   27.325315] cloud-init[938]: Your identification has been saved in /etc/ssh/ssh_host_rsa_key.
[   27.325508] cloud-init[938]: Your public key has been saved in /etc/ssh/ssh_host_rsa_key.pub.
[   27.325700] cloud-init[938]: The key fingerprint is:
[   27.325981] cloud-init[938]: SHA256:jrHbfjH4Sq1KtyZgKBRl2SmVZXD+sP2DG4UjJbyi8Ak root@ubuntu-xenial
[   27.326182] cloud-init[938]: The key's randomart image is:
[   27.326374] cloud-init[938]: +---[RSA 2048]----+
[   27.326562] cloud-init[938]: |  .o+o=+         |
[   27.326763] cloud-init[938]: | ..o +=          |
[   27.327128] cloud-init[938]: |  . .  = .       |
[   27.327318] cloud-init[938]: | .      O .      |
         Starting iSCSI initiator daemon (iscsid)...
[   27.327494] cloud-init[938]: |.E . ..+S* .     |
[   27.631609] cloud-init[938]: |. = = .=o.B      |
[[0;32m  OK  [0m] Started Daily apt download activities.
[   27.632292] cloud-init[938]: | . = .+ ++.=     |
[   27.652366] cloud-init[938]: |     ..=.o= .    |
[[0;32m  OK  [0m] Started Daily apt upgrade and clean activities.
[   27.652895] cloud-init[938]: |      o=*+       |
[[0;32m  OK  [0m] Reached target Timers.
[   27.750989] cloud-init[938]: +----[SHA256]-----+
[   27.789627] cloud-init[938]: Generating public/private dsa key pair.
[   27.790803] cloud-init[938]: Your identification has been saved in /etc/ssh/ssh_host_dsa_key.
[[0;32m  OK  [0m] Reached target Cloud-config availability.
[   27.791429] cloud-init[938]: Your public key has been saved in /etc/ssh/ssh_host_dsa_key.pub.
[   27.904252] cloud-init[938]: The key fingerprint is:
[[0;32m  OK  [0m] Listening on LXD - unix socket.
[   27.904753] cloud-init[938]: SHA256:Yeq+M0OC5t7rWcf6qGdJZDKqqohwedPfxYJ1m795hxY root@ubuntu-xenial
[   27.966067] cloud-init[938]: The key's randomart image is:
[[0;32m  OK  [0m] Listening on Socket activation for snappy daemon.
[   27.966611] cloud-init[938]: +---[DSA 1024]----+
[   28.079853] cloud-init[938]: |                 |
[   28.108678] [cloud-init[0;32m  OK  [0m[938]: ] |                 |Started iSCSI initiator daemon (iscsid).

[   28.144895]          cloud-initStarting Login to default iSCSI targets...[938]: 
|        o        |
[   28.201508] [cloud-init[0;32m  OK  [0m[938]: ] |    o oo .       |Reached target Sockets.

[   28.203368] [cloud-init[0;32m  OK  [0m[938]: ] |   o =. S . .    |Reached target Basic System.

[   28.227506] [cloud-init[0;32m  OK  [0m[938]: ] |  +..oo. o o oE  |Started Unattended Upgrades Shutdown.

[   28.324321] [cloud-init[0;32m  OK  [0m[938]: ] |.+o o++.+ . =  o |Started FUSE filesystem for LXC.

[   28.326061] cloud-init[938]: |=..o =B= . o .o.o|
         Starting Pollinate to seed the pseudo random number generator...
[   28.377886] cloud-init[938]: |B...*==*o .  .+o.|
[   28.438452] cloud-init[938]: +----[SHA256]-----+
[   28.453372]          cloud-initStarting Apply the settings specified in cloud-config...[938]: 
Generating public/private ecdsa key pair.
[   28.468412]          cloud-initStarting LSB: Record successful boot for GRUB...[938]: 
Your identification has been saved in /etc/ssh/ssh_host_ecdsa_key.
[   28.478477] cloud-init[938]: Your public key has been saved in /etc/ssh/ssh_host_ecdsa_key.pub.
[   28.481861] cloud-init[938]: The key fingerprint is:
[   28.482180] cloud-init[938]: SHA256:qCq7Dixo+UYZXM3DCrVg6+i6rZ7l/ZEsLGALJUvA5ks root@ubuntu-xenial
         Starting Accounts Service...
[   28.482346] cloud-init[938]: The key's randomart image is:
[   28.518307] cloud-init[938]: +---[ECDSA 256]---+
[   28.532277] cloud-init[938]: |o  o..+          |
[   28.532413] cloud-init[938]: |.o..o..=         |
[   28.532669] cloud-init[938]: |+.o.o.. .        |
[   28.532739] cloud-init[938]: |.Eoo . .         |
[   28.532851] cloud-init[938]: |++..o . S        |
[   28.532917] cloud-init[938]: |*.+o... .        |
[   28.532982] cloud-init[938]: |+*.o.o +         |
[   28.533050] cloud-init[938]: |*.=oo . .        |
[   28.533123] cloud-init[938]: |OX+o ...         |
[   28.533186] cloud-init[938]: +----[SHA256]-----+
[   28.533250] cloud-init[938]: Generating public/private ed25519 key pair.
[   28.533317] cloud-init[938]: Your identification has been saved in /etc/ssh/ssh_host_ed25519_key.
[   28.533384] cloud-init[938]: Your public key has been saved in /etc/ssh/ssh_host_ed25519_key.pub.
[   28.533447] cloud-init[938]: The key fingerprint is:
[   28.533511] cloud-init[938]: SHA256:2QCilI/gp2C+NdzA65WL2yXmkuJ77gLziCAbIxhghsI root@ubuntu-xenial
[   28.533570] cloud-init[938]: The key's randomart image is:
[   28.533627] cloud-init[938]: +--[ED25519 256]--+
[   28.533688] cloud-init[938]: |o ... .          |
[   28.533747] cloud-init[938]: |=E.. . .         |
[   28.533875] cloud-init[938]: |*.oo    .        |
[   28.534505] cloud-init[938]: |oo.+.    +       |
[   28.534834] cloud-init[938]: |=.+ + . S .      |
[   28.535102] cloud-init[938]: |Xo = +           |
[   28.535318] cloud-init[938]: |*B+ =o..         |
[   28.535376] cloud-init[938]: |++.*+.o          |
[   28.535436] cloud-init[938]: |.oB+oo           |
[   28.535495] cloud-init[938]: +----[SHA256]-----+
[[0;32m  OK  [0m] Started Deferred execution scheduler.
[[0;32m  OK  [0m] Started Regular background program processing daemon.
         Starting Snappy daemon...
[[0;32m  OK  [0m] Started D-Bus System Message Bus.
         Starting System Logging Service...
         Starting LSB: MD monitoring daemon...
         Starting /etc/rc.local Compatibility...
         Starting LXD - container startup/shutdown...
[[0;32m  OK  [0m] Started ACPI event daemon.
         Starting Login Service...
[[0;32m  OK  [0m] Started System Logging Service.
[[0;32m  OK  [0m] Started Snappy daemon.
[[0;32m  OK  [0m] Started /etc/rc.local Compatibility.
[[0;32m  OK  [0m] Started LXD - container startup/shutdown.
[[0;32m  OK  [0m] Started Login to default iSCSI targets.
[[0;32m  OK  [0m] Started LSB: Record successful boot for GRUB.
[[0;32m  OK  [0m] Started LSB: MD monitoring daemon.
         Starting Authenticate and Authorize Users to Run Privileged Tasks...
[[0;32m  OK  [0m] Reached target Remote File Systems (Pre).
[[0;32m  OK  [0m] Reached target Remote File Systems.
         Starting LSB: daemon to balance interrupts for SMP systems...
         Starting LSB: Set the CPU Frequency Scaling governor to "ondemand"...
         Starting LSB: VirtualBox Linux Additions...
         Starting LSB: automatic crash report generation...
         Starting Permit User Sessions...
         Starting Auto import assertions from block devices...
[[0;32m  OK  [0m] Started Permit User Sessions.
[[0;32m  OK  [0m] Started Auto import assertions from block devices.
[   29.300306] cloud-init[1051]: Generating locales (this might take a while)...
[[0;32m  OK  [0m] Started Login Service.
[[0;32m  OK  [0m] Started Authenticate and Authorize Users to Run Privileged Tasks.
[[0;32m  OK  [0m] Started Accounts Service.
         Starting Terminate Plymouth Boot Screen...
         Starting Hold until boot process finishes up...
[[0;32m  OK  [0m] Started Pollinate to seed the pseudo random number generator.
[[0;32m  OK  [0m] Started LSB: daemon to balance interrupts for SMP systems.
[[0;32m  OK  [0m] Started LSB: Set the CPU Frequency Scaling governor to "ondemand".
[[0;32m  OK  [0m] Started LSB: VirtualBox Linux Additions.
[[0;32m  OK  [0m] Started LSB: automatic crash report generation.
[[0;32m  OK  [0m] Started Terminate Plymouth Boot Screen.
[[0;32m  OK  [0m] Started Hold until boot process finishes up.
         Starting Set console scheme...
[[0;32m  OK  [0m] Started Serial Getty on ttyS0.
[[0;32m  OK  [0m] Started Getty on tty1.
[[0;32m  OK  [0m] Reached target Login Prompts.
         Starting OpenBSD Secure Shell server...
[[0;32m  OK  [0m] Started Set console scheme.
[[0;32m  OK  [0m] Started OpenBSD Secure Shell server.
[[0;32m  OK  [0m] Reached target Multi-User System.
[[0;32m  OK  [0m] Reached target Graphical Interface.
         Starting Update UTMP about System Runlevel Changes...
[[0;32m  OK  [0m] Started Update UTMP about System Runlevel Changes.
[   30.657527] cloud-init[1051]:   en_US.UTF-8... done
[   30.688606] cloud-init[1051]: Generation complete.
         Stopping OpenBSD Secure Shell server...
[[0;32m  OK  [0m] Stopped OpenBSD Secure Shell server.
         Starting OpenBSD Secure Shell server...
[[0;32m  OK  [0m] Started OpenBSD Secure Shell server.
[   31.190442] cloud-init[1051]: Cloud-init v. 0.7.9 running 'modules:config' at Tue, 19 Sep 2017 20:43:51 +0000. Up 29.07 seconds.
[[0;32m  OK  [0m] Started Apply the settings specified in cloud-config.
         Starting Execute cloud user/final scripts...
ci-info: no authorized ssh keys fingerprints found for user ubuntu.
<14>Sep 19 20:43:54 ec2: 
<14>Sep 19 20:43:54 ec2: #############################################################
<14>Sep 19 20:43:54 ec2: -----BEGIN SSH HOST KEY FINGERPRINTS-----
<14>Sep 19 20:43:54 ec2: 1024 SHA256:Yeq+M0OC5t7rWcf6qGdJZDKqqohwedPfxYJ1m795hxY root@ubuntu-xenial (DSA)
<14>Sep 19 20:43:54 ec2: 256 SHA256:qCq7Dixo+UYZXM3DCrVg6+i6rZ7l/ZEsLGALJUvA5ks root@ubuntu-xenial (ECDSA)
<14>Sep 19 20:43:54 ec2: 256 SHA256:2QCilI/gp2C+NdzA65WL2yXmkuJ77gLziCAbIxhghsI root@ubuntu-xenial (ED25519)
<14>Sep 19 20:43:54 ec2: 2048 SHA256:jrHbfjH4Sq1KtyZgKBRl2SmVZXD+sP2DG4UjJbyi8Ak root@ubuntu-xenial (RSA)
<14>Sep 19 20:43:54 ec2: -----END SSH HOST KEY FINGERPRINTS-----
<14>Sep 19 20:43:54 ec2: #############################################################
-----BEGIN SSH HOST KEY KEYS-----
ecdsa-sha2-nistp256 AAAAE2VjZHNhLXNoYTItbmlzdHAyNTYAAAAIbmlzdHAyNTYAAABBBBYFiA46YKLglZ9u745ZmNj6fapAp+eA8iB7E+kM6UfFB2N2c31jXkss4ikRk8aFi3gzOWz1BrgFunqEyNukIOE= root@ubuntu-xenial
ssh-ed25519 AAAAC3NzaC1lZDI1NTE5AAAAIGWHhBe+RpvClutcMrKkslJow2H6aSNoet/iQzGt4XdY root@ubuntu-xenial
ssh-rsa AAAAB3NzaC1yc2EAAAADAQABAAABAQDiARIi8bjPZOxITz0uZxdLQVcxX66gG4wx3uhOtiFtVxu/aYgluYyPr3DCSmKnor/ZZUxyWKMj9rfWN1AJX+Gkjztkc3PoubPbMgWX33d2Rp5IoBR6oo8xiGlU4iZ88DkZg0GDgsv9aI4npWrp3q60OQYKI18zGEeu/MGij/NK1I3/1ud+jCdw/iYTdE9Hp2QYTbD6OX2BIzC5eLpfKJjM827nABtCVhhSk33RyYsNGQWIiUeqAwfgc+NFoB0u1wKdNkUmzecMflWGi0j6l5LAiP/+JMtv32wMHQvrSXoJWqMHO5GdXlSmC4SjhGxxuz8fGdiGxrXJGeTgz5zFQFz7 root@ubuntu-xenial
-----END SSH HOST KEY KEYS-----
[   32.564276] cloud-init[1306]: Cloud-init v. 0.7.9 running 'modules:final' at Tue, 19 Sep 2017 20:43:53 +0000. Up 31.60 seconds.
[   32.572236] cloud-init[1306]: ci-info: no authorized ssh keys fingerprints found for user ubuntu.
[   32.576117] cloud-init[1306]: Cloud-init v. 0.7.9 finished at Tue, 19 Sep 2017 20:43:54 +0000. Datasource DataSourceNoCloud [seed=/dev/sdb][dsmode=net].  Up 32.55 seconds
[[0;32m  OK  [0m] Started Execute cloud user/final scripts.
[[0;32m  OK  [0m] Reached target Cloud-init target.

Ubuntu 16.04.3 LTS ubuntu-xenial ttyS0

ubuntu-xenial login: 