[    0.000000] Initializing cgroup subsys cpuset
[    0.000000] Initializing cgroup subsys cpu
[    0.000000] Initializing cgroup subsys cpuacct
[    0.000000] Linux version 4.4.0-96-generic (buildd@lgw01-10) (gcc version 5.4.0 20160609 (Ubuntu 5.4.0-6ubuntu1~16.04.4) ) #119-Ubuntu SMP Tue Sep 12 14:59:54 UTC 2017 (Ubuntu 4.4.0-96.119-generic 4.4.83)
[    0.000000] Command line: BOOT_IMAGE=/boot/vmlinuz-4.4.0-96-generic root=LABEL=cloudimg-rootfs ro console=tty1 console=ttyS0
[    0.000000] KERNEL supported cpus:
[    0.000000]   Intel GenuineIntel
[    0.000000]   AMD AuthenticAMD
[    0.000000]   Centaur CentaurHauls
[    0.000000] x86/fpu: xstate_offset[2]:  576, xstate_sizes[2]:  256
[    0.000000] x86/fpu: Supporting XSAVE feature 0x01: 'x87 floating point registers'
[    0.000000] x86/fpu: Supporting XSAVE feature 0x02: 'SSE registers'
[    0.000000] x86/fpu: Supporting XSAVE feature 0x04: 'AVX registers'
[    0.000000] x86/fpu: Enabled xstate features 0x7, context size is 832 bytes, using 'standard' format.
[    0.000000] x86/fpu: Using 'lazy' FPU context switches.
[    0.000000] e820: BIOS-provided physical RAM map:
[    0.000000] BIOS-e820: [mem 0x0000000000000000-0x000000000009fbff] usable
[    0.000000] BIOS-e820: [mem 0x000000000009fc00-0x000000000009ffff] reserved
[    0.000000] BIOS-e820: [mem 0x00000000000f0000-0x00000000000fffff] reserved
[    0.000000] BIOS-e820: [mem 0x0000000000100000-0x000000003ffeffff] usable
[    0.000000] BIOS-e820: [mem 0x000000003fff0000-0x000000003fffffff] ACPI data
[    0.000000] BIOS-e820: [mem 0x00000000fec00000-0x00000000fec00fff] reserved
[    0.000000] BIOS-e820: [mem 0x00000000fee00000-0x00000000fee00fff] reserved
[    0.000000] BIOS-e820: [mem 0x00000000fffc0000-0x00000000ffffffff] reserved
[    0.000000] NX (Execute Disable) protection: active
[    0.000000] SMBIOS 2.5 present.
[    0.000000] Hypervisor detected: KVM
[    0.000000] e820: last_pfn = 0x3fff0 max_arch_pfn = 0x400000000
[    0.000000] MTRR: Disabled
[    0.000000] x86/PAT: MTRRs disabled, skipping PAT initialization too.
[    0.000000] CPU MTRRs all blank - virtualized system.
[    0.000000] x86/PAT: Configuration [0-7]: WB  WT  UC- UC  WB  WT  UC- UC  
[    0.000000] found SMP MP-table at [mem 0x0009fff0-0x0009ffff] mapped at [ffff88000009fff0]
[    0.000000] Scanning 1 areas for low memory corruption
[    0.000000] RAMDISK: [mem 0x36ac6000-0x3755afff]
[    0.000000] ACPI: Early table checksum verification disabled
[    0.000000] ACPI: RSDP 0x00000000000E0000 000024 (v02 VBOX  )
[    0.000000] ACPI: XSDT 0x000000003FFF0030 00003C (v01 VBOX   VBOXXSDT 00000001 ASL  00000061)
[    0.000000] ACPI: FACP 0x000000003FFF00F0 0000F4 (v04 VBOX   VBOXFACP 00000001 ASL  00000061)
[    0.000000] ACPI: DSDT 0x000000003FFF0470 0021C8 (v02 VBOX   VBOXBIOS 00000002 INTL 20100528)
[    0.000000] ACPI: FACS 0x000000003FFF0200 000040
[    0.000000] ACPI: FACS 0x000000003FFF0200 000040
[    0.000000] ACPI: APIC 0x000000003FFF0240 00005C (v02 VBOX   VBOXAPIC 00000001 ASL  00000061)
[    0.000000] ACPI: SSDT 0x000000003FFF02A0 0001CC (v01 VBOX   VBOXCPUT 00000002 INTL 20100528)
[    0.000000] No NUMA configuration found
[    0.000000] Faking a node at [mem 0x0000000000000000-0x000000003ffeffff]
[    0.000000] NODE_DATA(0) allocated [mem 0x3ffeb000-0x3ffeffff]
[    0.000000] kvm-clock: Using msrs 4b564d01 and 4b564d00
[    0.000000] kvm-clock: cpu 0, msr 0:3ffe3001, primary cpu clock
[    0.000000] kvm-clock: using sched offset of 3020115637 cycles
[    0.000000] clocksource: kvm-clock: mask: 0xffffffffffffffff max_cycles: 0x1cd42e4dffb, max_idle_ns: 881590591483 ns
[    0.000000] Zone ranges:
[    0.000000]   DMA      [mem 0x0000000000001000-0x0000000000ffffff]
[    0.000000]   DMA32    [mem 0x0000000001000000-0x000000003ffeffff]
[    0.000000]   Normal   empty
[    0.000000]   Device   empty
[    0.000000] Movable zone start for each node
[    0.000000] Early memory node ranges
[    0.000000]   node   0: [mem 0x0000000000001000-0x000000000009efff]
[    0.000000]   node   0: [mem 0x0000000000100000-0x000000003ffeffff]
[    0.000000] Initmem setup node 0 [mem 0x0000000000001000-0x000000003ffeffff]
[    0.000000] ACPI: PM-Timer IO Port: 0x4008
[    0.000000] IOAPIC[0]: apic_id 2, version 32, address 0xfec00000, GSI 0-23
[    0.000000] ACPI: INT_SRC_OVR (bus 0 bus_irq 0 global_irq 2 dfl dfl)
[    0.000000] ACPI: INT_SRC_OVR (bus 0 bus_irq 9 global_irq 9 high level)
[    0.000000] Using ACPI (MADT) for SMP configuration information
[    0.000000] smpboot: Allowing 2 CPUs, 0 hotplug CPUs
[    0.000000] PM: Registered nosave memory: [mem 0x00000000-0x00000fff]
[    0.000000] PM: Registered nosave memory: [mem 0x0009f000-0x0009ffff]
[    0.000000] PM: Registered nosave memory: [mem 0x000a0000-0x000effff]
[    0.000000] PM: Registered nosave memory: [mem 0x000f0000-0x000fffff]
[    0.000000] e820: [mem 0x40000000-0xfebfffff] available for PCI devices
[    0.000000] Booting paravirtualized kernel on KVM
[    0.000000] clocksource: refined-jiffies: mask: 0xffffffff max_cycles: 0xffffffff, max_idle_ns: 7645519600211568 ns
[    0.000000] setup_percpu: NR_CPUS:512 nr_cpumask_bits:512 nr_cpu_ids:2 nr_node_ids:1
[    0.000000] PERCPU: Embedded 34 pages/cpu @ffff88003fc00000 s98328 r8192 d32744 u1048576
[    0.000000] PV qspinlock hash table entries: 256 (order: 0, 4096 bytes)
[    0.000000] Built 1 zonelists in Node order, mobility grouping on.  Total pages: 257913
[    0.000000] Policy zone: DMA32
[    0.000000] Kernel command line: BOOT_IMAGE=/boot/vmlinuz-4.4.0-96-generic root=LABEL=cloudimg-rootfs ro console=tty1 console=ttyS0
[    0.000000] PID hash table entries: 4096 (order: 3, 32768 bytes)
[    0.000000] Memory: 1001728K/1048120K available (8479K kernel code, 1294K rwdata, 3984K rodata, 1492K init, 1316K bss, 46392K reserved, 0K cma-reserved)
[    0.000000] SLUB: HWalign=64, Order=0-3, MinObjects=0, CPUs=2, Nodes=1
[    0.000000] Hierarchical RCU implementation.
[    0.000000] 	Build-time adjustment of leaf fanout to 64.
[    0.000000] 	RCU restricting CPUs from NR_CPUS=512 to nr_cpu_ids=2.
[    0.000000] RCU: Adjusting geometry for rcu_fanout_leaf=64, nr_cpu_ids=2
[    0.000000] NR_IRQS:33024 nr_irqs:440 16
[    0.000000] Console: colour VGA+ 80x25
[    0.000000] console [tty1] enabled
[    0.000000] console [ttyS0] enabled
[    0.000000] tsc: Detected 3194.006 MHz processor
[    0.000000] tsc: Marking TSC unstable due to TSCs unsynchronized
[    0.004000] Calibrating delay loop (skipped) preset value.. 6388.01 BogoMIPS (lpj=12776024)
[    0.004000] pid_max: default: 32768 minimum: 301
[    0.004000] ACPI: Core revision 20150930
[    0.004798] ACPI: 2 ACPI AML tables successfully acquired and loaded
[    0.008251] Security Framework initialized
[    0.009064] Yama: becoming mindful.
[    0.009742] AppArmor: AppArmor initialized
[    0.010528] Dentry cache hash table entries: 131072 (order: 8, 1048576 bytes)
[    0.011752] Inode-cache hash table entries: 65536 (order: 7, 524288 bytes)
[    0.012873] Mount-cache hash table entries: 2048 (order: 2, 16384 bytes)
[    0.016007] Mountpoint-cache hash table entries: 2048 (order: 2, 16384 bytes)
[    0.017142] Initializing cgroup subsys io
[    0.020005] Initializing cgroup subsys memory
[    0.020707] Initializing cgroup subsys devices
[    0.021414] Initializing cgroup subsys freezer
[    0.024007] Initializing cgroup subsys net_cls
[    0.028006] Initializing cgroup subsys perf_event
[    0.028865] Initializing cgroup subsys net_prio
[    0.031022] Initializing cgroup subsys hugetlb
[    0.031692] Initializing cgroup subsys pids
[    0.032084] CPU: Physical Processor ID: 0
[    0.032744] CPU: Processor Core ID: 0
[    0.041017] mce: CPU supports 0 MCE banks
[    0.044022] Last level iTLB entries: 4KB 1024, 2MB 1024, 4MB 512
[    0.048004] Last level dTLB entries: 4KB 1536, 2MB 1536, 4MB 768, 1GB 0
[    0.054437] Freeing SMP alternatives memory: 32K
[    0.067816] ftrace: allocating 32146 entries in 126 pages
[    0.080063] smpboot: APIC(0) Converting physical 0 to logical package 0
[    0.084004] smpboot: Max logical packages: 1
[    0.088209] x2apic enabled
[    0.088846] Switched APIC routing to physical x2apic.
[    0.092840] ..TIMER: vector=0x30 apic1=0 pin1=2 apic2=-1 pin2=-1
[    0.100000] smpboot: CPU0: AMD Ryzen 5 1600 Six-Core Processor (family: 0x17, model: 0x1, stepping: 0x1)
[    0.101562] Performance Events: Broken PMU hardware detected, using software events only.
[    0.104002] Failed to access perfctr msr (MSR c0010007 is 0)
[    0.104885] KVM setup paravirtual spinlock
[    0.106147] x86: Booting SMP configuration:
[    0.108003] .... node  #0, CPUs:      #1
[    0.004000] kvm-clock: cpu 1, msr 0:3ffe3041, secondary cpu clock
[    0.004000] mce: CPU supports 0 MCE banks
[    0.122830] x86: Booted up 1 node, 2 CPUs
[    0.124003] smpboot: Total of 2 processors activated (12776.02 BogoMIPS)
[    0.125122] devtmpfs: initialized
[    0.133430] evm: security.selinux
[    0.135911] evm: security.SMACK64
[    0.136001] evm: security.SMACK64EXEC
[    0.136593] evm: security.SMACK64TRANSMUTE
[    0.137249] evm: security.SMACK64MMAP
[    0.144003] evm: security.ima
[    0.148002] evm: security.capability
[    0.152015] clocksource: jiffies: mask: 0xffffffff max_cycles: 0xffffffff, max_idle_ns: 7645041785100000 ns
[    0.156020] futex hash table entries: 512 (order: 3, 32768 bytes)
[    0.160043] pinctrl core: initialized pinctrl subsystem
[    0.160089] RTC time: 17:45:00, date: 09/19/17
[    0.162133] NET: Registered protocol family 16
[    0.168007] cpuidle: using governor ladder
[    0.176006] cpuidle: using governor menu
[    0.178164] PCCT header not found.
[    0.179008] ACPI: bus type PCI registered
[    0.180003] acpiphp: ACPI Hot Plug PCI Controller Driver version: 0.5
[    0.188100] PCI: Using configuration type 1 for base access
[    0.190930] PCI: Using configuration type 1 for extended access
[    0.204080] ACPI: Added _OSI(Module Device)
[    0.212003] ACPI: Added _OSI(Processor Device)
[    0.212843] ACPI: Added _OSI(3.0 _SCP Extensions)
[    0.212843] ACPI: Added _OSI(Processor Aggregator Device)
[    0.213193] ACPI: Executed 1 blocks of module-level executable AML code
[    0.225891] ACPI: Interpreter enabled
[    0.228009] ACPI: (supports S0 S5)
[    0.228609] ACPI: Using IOAPIC for interrupt routing
[    0.229504] PCI: Using host bridge windows from ACPI; if necessary, use "pci=nocrs" and report a bug
[    0.234109] ACPI: PCI Root Bridge [PCI0] (domain 0000 [bus 00-ff])
[    0.236007] acpi PNP0A03:00: _OSC: OS supports [ExtendedConfig ASPM ClockPM Segments MSI]
[    0.237514] acpi PNP0A03:00: _OSC failed (AE_NOT_FOUND); disabling ASPM
[    0.244205] PCI host bridge to bus 0000:00
[    0.244205] pci_bus 0000:00: root bus resource [io  0x0000-0x0cf7 window]
[    0.245033] pci_bus 0000:00: root bus resource [io  0x0d00-0xffff window]
[    0.246388] pci_bus 0000:00: root bus resource [mem 0x000a0000-0x000bffff window]
[    0.252002] pci_bus 0000:00: root bus resource [mem 0x40000000-0xffdfffff window]
[    0.253239] pci_bus 0000:00: root bus resource [bus 00-ff]
[    0.254110] pci 0000:00:01.1: legacy IDE quirk: reg 0x10: [io  0x01f0-0x01f7]
[    0.256003] pci 0000:00:01.1: legacy IDE quirk: reg 0x14: [io  0x03f6]
[    0.257115] pci 0000:00:01.1: legacy IDE quirk: reg 0x18: [io  0x0170-0x0177]
[    0.258151] pci 0000:00:01.1: legacy IDE quirk: reg 0x1c: [io  0x0376]
[    0.269180] pci 0000:00:07.0: quirk: [io  0x4000-0x403f] claimed by PIIX4 ACPI
[    0.284005] pci 0000:00:07.0: quirk: [io  0x4100-0x410f] claimed by PIIX4 SMB
[    0.296344] ACPI: PCI Interrupt Link [LNKA] (IRQs 5 9 10 *11)
[    0.309843] ACPI: PCI Interrupt Link [LNKB] (IRQs 5 9 10 *11)
[    0.310957] ACPI: PCI Interrupt Link [LNKC] (IRQs 5 9 *10 11)
[    0.312481] ACPI: PCI Interrupt Link [LNKD] (IRQs 5 *9 10 11)
[    0.316665] ACPI: Enabled 2 GPEs in block 00 to 07
[    0.324021] vgaarb: setting as boot device: PCI:0000:00:02.0
[    0.326305] vgaarb: device added: PCI:0000:00:02.0,decodes=io+mem,owns=io+mem,locks=none
[    0.326305] vgaarb: loaded
[    0.328003] vgaarb: bridge control possible 0000:00:02.0
[    0.329351] SCSI subsystem initialized
[    0.336041] ACPI: bus type USB registered
[    0.344021] usbcore: registered new interface driver usbfs
[    0.345270] usbcore: registered new interface driver hub
[    0.348002] usbcore: registered new device driver usb
[    0.352075] PCI: Using ACPI for IRQ routing
[    0.356210] NetLabel: Initializing
[    0.360002] NetLabel:  domain hash size = 128
[    0.360704] NetLabel:  protocols = UNLABELED CIPSOv4
[    0.364016] NetLabel:  unlabeled traffic allowed by default
[    0.368038] amd_nb: Cannot enumerate AMD northbridges
[    0.372022] clocksource: Switched to clocksource kvm-clock
[    0.378058] AppArmor: AppArmor Filesystem Enabled
[    0.384628] pnp: PnP ACPI init
[    0.385666] pnp: PnP ACPI: found 3 devices
[    0.393905] clocksource: acpi_pm: mask: 0xffffff max_cycles: 0xffffff, max_idle_ns: 2085701024 ns
[    0.422358] NET: Registered protocol family 2
[    0.423141] TCP established hash table entries: 8192 (order: 4, 65536 bytes)
[    0.443613] TCP bind hash table entries: 8192 (order: 5, 131072 bytes)
[    0.444578] TCP: Hash tables configured (established 8192 bind 8192)
[    0.446669] UDP hash table entries: 512 (order: 2, 16384 bytes)
[    0.463186] UDP-Lite hash table entries: 512 (order: 2, 16384 bytes)
[    0.542813] NET: Registered protocol family 1
[    0.543503] pci 0000:00:00.0: Limiting direct PCI/PCI transfers
[    0.544360] pci 0000:00:01.0: Activating ISA DMA hang workarounds
[    0.546010] Unpacking initramfs...
[    2.095860] Freeing initrd memory: 10836K
[    2.107434] clocksource: tsc: mask: 0xffffffffffffffff max_cycles: 0x2e0a2b899d8, max_idle_ns: 440795217416 ns
[    2.115081] platform rtc_cmos: registered platform RTC device (no PNP device found)
[    2.122616] Scanning for low memory corruption every 60 seconds
[    2.124296] audit: initializing netlink subsys (disabled)
[    2.125304] audit: type=2000 audit(1505843106.176:1): initialized
[    2.126908] Initialise system trusted keyring
[    2.127969] HugeTLB registered 2 MB page size, pre-allocated 0 pages
[    2.133968] zbud: loaded
[    2.139340] VFS: Disk quotas dquot_6.6.0
[    2.164481] VFS: Dquot-cache hash table entries: 512 (order 0, 4096 bytes)
[    2.190289] squashfs: version 4.0 (2009/01/31) Phillip Lougher
[    2.191269] fuse init (API version 7.23)
[    2.198512] Key type big_key registered
[    2.209480] Allocating IMA MOK and blacklist keyrings.
[    2.211039] Key type asymmetric registered
[    2.218933] Asymmetric key parser 'x509' registered
[    2.229109] Block layer SCSI generic (bsg) driver version 0.4 loaded (major 249)
[    2.230172] io scheduler noop registered
[    2.230723] io scheduler deadline registered (default)
[    2.231403] io scheduler cfq registered
[    2.232044] pci_hotplug: PCI Hot Plug PCI Core version: 0.5
[    2.238195] pciehp: PCI Express Hot Plug Controller Driver version: 0.4
[    2.239118] ACPI: AC Adapter [AC] (on-line)
[    2.239752] input: Power Button as /devices/LNXSYSTM:00/LNXPWRBN:00/input/input0
[    2.248425] ACPI: Power Button [PWRF]
[    2.251639] input: Sleep Button as /devices/LNXSYSTM:00/LNXSLPBN:00/input/input1
[    2.254372] ACPI: Sleep Button [SLPF]
[    2.263357] GHES: HEST is not enabled!
[    2.269732] Serial: 8250/16550 driver, 32 ports, IRQ sharing enabled
[    2.294042] 00:02: ttyS0 at I/O 0x3f8 (irq = 4, base_baud = 115200) is a 16550A
[    2.303492] Linux agpgart interface v0.103
[    2.311270] loop: module loaded
[    2.313937] scsi host0: ata_piix
[    2.314625] scsi host1: ata_piix
[    2.317226] ata1: PATA max UDMA/33 cmd 0x1f0 ctl 0x3f6 bmdma 0xd000 irq 14
[    2.318224] ata2: PATA max UDMA/33 cmd 0x170 ctl 0x376 bmdma 0xd008 irq 15
[    2.319514] libphy: Fixed MDIO Bus: probed
[    2.322226] tun: Universal TUN/TAP device driver, 1.6
[    2.327886] tun: (C) 1999-2004 Max Krasnyansky <maxk@qualcomm.com>
[    2.330620] PPP generic driver version 2.4.2
[    2.333307] ehci_hcd: USB 2.0 'Enhanced' Host Controller (EHCI) Driver
[    2.337921] ehci-pci: EHCI PCI platform driver
[    2.338914] ehci-platform: EHCI generic platform driver
[    2.339812] ohci_hcd: USB 1.1 'Open' Host Controller (OHCI) Driver
[    2.343804] ohci-pci: OHCI PCI platform driver
[    2.347986] ohci-platform: OHCI generic platform driver
[    2.349965] uhci_hcd: USB Universal Host Controller Interface driver
[    2.350893] i8042: PNP: PS/2 Controller [PNP0303:PS2K,PNP0f03:PS2M] at 0x60,0x64 irq 1,12
[    2.360927] serio: i8042 KBD port at 0x60,0x64 irq 1
[    2.371706] serio: i8042 AUX port at 0x60,0x64 irq 12
[    2.378193] mousedev: PS/2 mouse device common for all mice
[    2.390893] rtc_cmos rtc_cmos: rtc core: registered rtc_cmos as rtc0
[    2.404032] rtc_cmos rtc_cmos: alarms up to one day, 114 bytes nvram
[    2.404053] input: AT Translated Set 2 keyboard as /devices/platform/i8042/serio0/input/input2
[    2.406378] i2c /dev entries driver
[    2.413451] device-mapper: uevent: version 1.0.3
[    2.414574] device-mapper: ioctl: 4.34.0-ioctl (2015-10-28) initialised: dm-devel@redhat.com
[    2.419256] ledtrig-cpu: registered to indicate activity on CPUs
[    2.420574] NET: Registered protocol family 10
[    2.423005] NET: Registered protocol family 17
[    2.425478] Key type dns_resolver registered
[    2.428293] microcode: CPU0: patch_level=0x06000626
[    2.443844] microcode: CPU1: patch_level=0x06000626
[    2.444624] microcode: Microcode Update Driver: v2.01 <tigran@aivazian.fsnet.co.uk>, Peter Oruba
[    2.445954] registered taskstats version 1
[    2.446536] Loading compiled-in X.509 certificates
[    2.447628] Loaded X.509 cert 'Build time autogenerated kernel key: b1a6ea8776bed2812c00d8a799f968274ef48628'
[    2.454125] zswap: loaded using pool lzo/zbud
[    2.456130] Key type trusted registered
[    2.469039] Key type encrypted registered
[    2.475657] AppArmor: AppArmor sha1 policy hashing enabled
[    2.484033] ima: No TPM chip found, activating TPM-bypass!
[    2.484902] evm: HMAC attrs: 0x1
[    2.485739]   Magic number: 1:486:795
[    2.496599] rtc_cmos rtc_cmos: setting system clock to 2017-09-19 17:45:02 UTC (1505843102)
[    2.505221] BIOS EDD facility v0.16 2004-Jun-25, 0 devices found
[    2.520316] EDD information not available.
[    2.522122] Freeing unused kernel memory: 1492K
[    2.550275] Write protecting the kernel read-only data: 14336k
[    2.559669] Freeing unused kernel memory: 1748K
[    2.572834] Freeing unused kernel memory: 112K
Loading, please wait...
[    2.588896] random: systemd-udevd: uninitialized urandom read (16 bytes read, 3 bits of entropy available)
starting version 229
[    2.589336] random: udevadm: uninitialized urandom read (16 bytes read, 3 bits of entropy available)
[    2.589364] random: udevadm: uninitialized urandom read (16 bytes read, 3 bits of entropy available)
[    2.589453] random: udevadm: uninitialized urandom read (16 bytes read, 3 bits of entropy available)
[    2.589488] random: udevadm: uninitialized urandom read (16 bytes read, 3 bits of entropy available)
[    2.589522] random: udevadm: uninitialized urandom read (16 bytes read, 3 bits of entropy available)
[    2.589557] random: udevadm: uninitialized urandom read (16 bytes read, 3 bits of entropy available)
[    2.589590] random: udevadm: uninitialized urandom read (16 bytes read, 3 bits of entropy available)
[    2.589620] random: udevadm: uninitialized urandom read (16 bytes read, 3 bits of entropy available)
[    2.589653] random: udevadm: uninitialized urandom read (16 bytes read, 3 bits of entropy available)
[    2.754228] e1000: Intel(R) PRO/1000 Network Driver - version 7.3.21-k8-NAPI
[    2.763360] e1000: Copyright (c) 1999-2006 Intel Corporation.
[    2.767763] Fusion MPT base driver 3.04.20
[    2.775364] Copyright (c) 1999-2008 LSI Corporation
[    2.783356] Fusion MPT SPI Host driver 3.04.20
[    2.824753] AVX version of gcm_enc/dec engaged.
[    2.838552] AES CTR mode by8 optimization enabled
[    2.982668] input: ImExPS/2 Generic Explorer Mouse as /devices/platform/i8042/serio1/input/input4
[    3.241383] e1000 0000:00:03.0 eth0: (PCI:33MHz:32-bit) 02:42:5d:6e:03:5a
[    3.251029] e1000 0000:00:03.0 eth0: Intel(R) PRO/1000 Network Connection
[    3.252598] mptbase: ioc0: Initiating bringup
[    3.253140] e1000 0000:00:03.0 enp0s3: renamed from eth0
[    3.325301] ioc0: LSI53C1030 A0: Capabilities={Initiator}
[    3.508945] scsi host2: ioc0: LSI53C1030 A0, FwRev=00000000h, Ports=1, MaxQ=256, IRQ=20
[    3.661304] scsi 2:0:0:0: Direct-Access     VBOX     HARDDISK         1.0  PQ: 0 ANSI: 5
[    3.670677] scsi target2:0:0: Beginning Domain Validation
[    3.685416] scsi target2:0:0: Domain Validation skipping write tests
[    3.686769] scsi target2:0:0: Ending Domain Validation
[    3.687831] scsi target2:0:0: asynchronous
[    3.688989] scsi 2:0:1:0: Direct-Access     VBOX     HARDDISK         1.0  PQ: 0 ANSI: 5
[    3.690652] scsi target2:0:1: Beginning Domain Validation
[    3.700364] scsi target2:0:1: Domain Validation skipping write tests
[    3.706810] scsi target2:0:1: Ending Domain Validation
[    3.707579] scsi target2:0:1: asynchronous
[    3.726240] sd 2:0:0:0: Attached scsi generic sg0 type 0
[    3.756364] sd 2:0:0:0: [sda] 20971520 512-byte logical blocks: (10.7 GB/10.0 GiB)
[    3.756466] sd 2:0:1:0: Attached scsi generic sg1 type 0
[    3.756556] sd 2:0:1:0: [sdb] 20480 512-byte logical blocks: (10.5 MB/10.0 MiB)
[    3.756631] sd 2:0:1:0: [sdb] Write Protect is off
[    3.756682] sd 2:0:1:0: [sdb] Incomplete mode parameter data
[    3.756683] sd 2:0:1:0: [sdb] Assuming drive cache: write through
[    3.758990] sd 2:0:1:0: [sdb] Attached SCSI disk
[    3.799025] sd 2:0:0:0: [sda] Write Protect is off
[    3.807029] sd 2:0:0:0: [sda] Incomplete mode parameter data
[    3.827520] sd 2:0:0:0: [sda] Assuming drive cache: write through
[    3.839160]  sda: sda1
[    3.849242] sd 2:0:0:0: [sda] Attached SCSI disk
[    5.775946] floppy0: no floppy controllers found
[    5.778757] work still pending
Begin: Loading e[    7.085396] md: linear personality registered for level -1
ssential drivers ... [    7.146891] md: multipath personality registered for level -4
[    7.151303] md: raid0 personality registered for level 0
[    7.154434] md: raid1 personality registered for level 1
[    7.224280] raid6: sse2x1   gen()  7324 MB/s
[    7.300016] raid6: sse2x1   xor()  7529 MB/s
[    7.372010] raid6: sse2x2   gen() 15615 MB/s
[    7.440321] raid6: sse2x2   xor() 10455 MB/s
[    7.512148] raid6: sse2x4   gen() 16059 MB/s
[    7.584335] raid6: sse2x4   xor()  9403 MB/s
[    7.586495] raid6: using algorithm sse2x4 gen() 16059 MB/s
[    7.593535] raid6: .... xor() 9403 MB/s, rmw enabled
[    7.594307] raid6: using ssse3x2 recovery algorithm
[    7.596985] xor: automatically using best checksumming function:
[    7.636762]    avx       : 14668.000 MB/sec
[    7.642104] async_tx: api initialized (async)
[    7.648150] md: raid6 personality registered for level 6
[    7.649368] md: raid5 personality registered for level 5
[    7.651201] md: raid4 personality registered for level 4
[    7.656294] md: raid10 personality registered for level 10
done.
Begin: Running /scripts/init-premount ... done.
Begin: Mounting root file system ... Begin: Running /scripts/local-top ... done.
Begin: Running /scripts/local-premount ... [    7.685548] Btrfs loaded
Scanning for Btrfs filesystems
done.
[    7.704890] EXT4-fs (sda1): mounted filesystem with ordered data mode. Opts: (null)
Warning: fsck not present, so skipping root file system
done.
Begin: Running /scripts/local-bottom ... done.
Begin: Running /scripts/init-bottom ... done.
[    7.892790] systemd[1]: systemd 229 running in system mode. (+PAM +AUDIT +SELINUX +IMA +APPARMOR +SMACK +SYSVINIT +UTMP +LIBCRYPTSETUP +GCRYPT +GNUTLS +ACL +XZ -LZ4 +SECCOMP +BLKID +ELFUTILS +KMOD -IDN)
[    7.901339] systemd[1]: Detected virtualization oracle.
[    7.903719] systemd[1]: Detected architecture x86-64.

Welcome to [1mUbuntu 16.04.3 LTS[0m!

[    7.916312] systemd[1]: Set hostname to <ubuntu>.
[    7.938251] systemd[1]: Initializing machine ID from random generator.
[    8.011426] systemd[1]: Installed transient /etc/machine-id file.
[    8.105396] systemd[1]: Listening on Syslog Socket.
[[0;32m  OK  [0m] Listening on Syslog Socket.
[    8.115281] systemd[1]: Set up automount Arbitrary Executable File Formats File System Automount Point.
[[0;32m  OK  [0m] Set up automount Arbitrary Executab...ats File System Automount Point.
[    8.136871] systemd[1]: Listening on LVM2 metadata daemon socket.
[[0;32m  OK  [0m] Listening on LVM2 metadata daemon socket.
[    8.150313] systemd[1]: Created slice User and Session Slice.
[[0;32m  OK  [0m] Created slice User and Session Slice.
[    8.158383] systemd[1]: Listening on Journal Socket (/dev/log).
[[0;32m  OK  [0m] Listening on Journal Socket (/dev/log).
[    8.161816] systemd[1]: Listening on udev Kernel Socket.
[[0;32m  OK  [0m] Listening on udev Kernel Socket.
[    8.167479] systemd[1]: Started Trigger resolvconf update for networkd DNS.
[[0;32m  OK  [0m] Started Trigger resolvconf update for networkd DNS.
[    8.172132] systemd[1]: Listening on Device-mapper event daemon FIFOs.
[[0;32m  OK  [0m] Listening on Device-mapper event daemon FIFOs.
[    8.175611] systemd[1]: Listening on Journal Socket.
[[0;32m  OK  [0m] Listening on Journal Socket.
[    8.178812] systemd[1]: Listening on Journal Audit Socket.
[[0;32m  OK  [0m] Listening on Journal Audit Socket.
[    8.181909] systemd[1]: Listening on udev Control Socket.
[[0;32m  OK  [0m] Listening on udev Control Socket.
[    8.185352] systemd[1]: Reached target Swap.
[[0;32m  OK  [0m] Reached target Swap.
[    8.190164] systemd[1]: Reached target User and Group Name Lookups.
[[0;32m  OK  [0m] Reached target User and Group Name Lookups.
[    8.193552] systemd[1]: Reached target Encrypted Volumes.
[[0;32m  OK  [0m] Reached target Encrypted Volumes.
[    8.197314] systemd[1]: Started Forward Password Requests to Wall Directory Watch.
[[0;32m  OK  [0m] Started Forward Password Requests to Wall Directory Watch.
[    8.201937] systemd[1]: Created slice System Slice.
[[0;32m  OK  [0m] Created slice System Slice.
[    8.216392] systemd[1]: Mounting POSIX Message Queue File System...
         Mounting POSIX Message Queue File System...
[    8.227859] systemd[1]: Starting Uncomplicated firewall...
         Starting Uncomplicated firewall...
[    8.260488] systemd[1]: Starting Nameserver information manager...
         Starting Nameserver information manager...
[    8.283355] systemd[1]: Starting Remount Root and Kernel File Systems...
         [    8.294513] EXT4-fs (sda1): re-mounted. Opts: (null)
Starting Remount Root and Kernel File Systems...
[    8.332273] systemd[1]: Starting Create list of required static device nodes for the current kernel...
         Starting Create list of required st... nodes for the current kernel...
[    8.380388] systemd[1]: Mounting Debug File System...
         Mounting Debug File System...
[    8.392993] systemd[1]: Starting Journal Service...
         Starting Journal Service...
[    8.396214] systemd[1]: Created slice system-serial\x2dgetty.slice.
[[0;32m  OK  [0m] Created slice system-serial\x2dgetty.slice.
[    8.414999] systemd[1]: Starting Monitoring of LVM2 mirrors, snapshots etc. using dmeventd or progress polling...
         Starting Monitoring of LVM2 mirrors... dmeventd or progress polling...
[    8.452543] systemd[1]: Reached target Slices.
[[0;32m  OK  [0m] [    8.463549] random: nonblocking pool is initialized
Reached target Slices.
[    8.484278] systemd[1]: Starting Set console keymap...
         Starting Set console keymap...
[    8.525780] systemd[1]: Starting Load Kernel Modules...
         Starting Load Ke[    8.537247] Loading iSCSI transport class v2.0-870.
rnel Modules...
[    8.548308] systemd[1]: Listening on /dev/initctl Compatibility Named Pipe.
[[0;32m  OK  [0m] Listening on /dev/initctl Compatibility Named Pipe.
[    8.552019] systemd[1]: Listening on LVM2 poll daemon socket.
[[0;32m  OK  [0m] Listening on LVM2 poll daemon socket.
[    8.567524] iscsi: registered transport (tcp)
[    8.596236] systemd[1]: Mounting Huge Pages File System...
         Mounting Huge Pages File System...
[    8.601964] systemd[1]: Mounted Debug File System.
[    8.614634] iscsi: registered transport (iser)
[[0;32m  OK  [0m] Mounted Debug File System.
[    8.657001] systemd[1]: Mounted Huge Pages File System.
[[0;32m  OK  [0m] Mounted Huge Pages File System.
[    8.671118] systemd[1]: Mounted POSIX Message Queue File System.
[[0;32m  OK  [0m] Mounted POSIX Message Queue File System.
[    8.678768] systemd[1]: Started Journal Service.
[[0;32m  OK  [0m] Started Journal Service.
[[0;32m  OK  [0m] Started Uncomplicated firewall.
[[0;32m  OK  [0m] Started Remount Root and Kernel File Systems.
[[0;32m  OK  [0m] Started Create list of required sta...ce nodes for the current kernel.
[[0;32m  OK  [0m] Started Set console keymap.
[[0;32m  OK  [0m] Started Load Kernel Modules.
[[0;32m  OK  [0m] Started Nameserver information manager.
[[0;32m  OK  [0m] Started LVM2 metadata daemon.
         Mounting FUSE Control File System...
         Starting Apply Kernel Variables...
         Starting Create Static Device Nodes in /dev...
         Starting Initial cloud-init job (pre-networking)...
         Starting udev Coldplug all Devices...
         Starting Load/Save Random Seed...
         Starting Flush Journal to Persistent Storage...
[[0;32m  OK  [0m] Mounted FUSE Control File System.
[[0;32m  OK  [0m] Started Apply Kernel Variables.
[[0;32m  OK  [0m] Started Create Static Device Nodes in /dev.
[[0;32m  OK  [0m] Started Load/Save Random Seed.
[[0;32m  OK  [0m] Started udev Coldplug all Devices.
[[0;32m  OK  [0m] Started Flush Journal to Persistent Storage.
         Starting udev Kernel Device Manager...
[[0;32m  OK  [0m] Started udev Kernel Device Manager.
[[0;32m  OK  [0m] Started Dispatch Password Requests to Console Directory Watch.
[[0;32m  OK  [0m] Started Monitoring of LVM2 mirrors,...ng dmeventd or progress polling.
[[0;32m  OK  [0m] Found device /dev/ttyS0.
[[0;32m  OK  [0m] Reached target Local File Systems (Pre).
[[0;32m  OK  [0m] Reached target Local File Systems.
         Starting Create Volatile Files and Directories...
         Starting LSB: AppArmor initialization...
         Starting Tell Plymouth To Write Out Runtime Data...
         Starting Commit a transient machine-id on disk...
         Starting Set console font and keymap...
[[0;32m  OK  [0m] Started Create Volatile Files and Directories.
[[0;32m  OK  [0m] Started Tell Plymouth To Write Out Runtime Data.
         Starting Update UTMP about System Boot/Shutdown...
[[0;32m  OK  [0m] Reached target System Time Synchronized.
[[0;32m  OK  [0m] Started Commit a transient machine-id on disk.
[[0;32m  OK  [0m] Listening on Load/Save RF Kill Switch Status /dev/rfkill Watch.
[[0;32m  OK  [0m] Started Update UTMP about System Boot/Shutdown.
[    9.872139] cloud-init[449]: Cloud-init v. 0.7.9 running 'init-local' at Tue, 19 Sep 2017 17:45:09 +0000. Up 9.50 seconds.
[[0;32m  OK  [0m] Started Initial cloud-init job (pre-networking).
[[0;32m  OK  [0m] Started Set console font and keymap.
[[0;32m  OK  [0m] Created slice system-getty.slice.
[[0;32m  OK  [0m] Reached target Network (Pre).
[[0;32m  OK  [0m] Started LSB: AppArmor initialization.
         Starting Raise network interfaces...
[[0;32m  OK  [0m] Started Raise network interfaces.
[[0;32m  OK  [0m] Reached target Network.
         Starting Initial cloud-init job (metadata service crawler)...
[   12.861327] cloud-init[928]: Cloud-init v. 0.7.9 running 'init' at Tue, 19 Sep 2017 17:45:12 +0000. Up 12.48 seconds.
[   12.879579] cloud-init[928]: ci-info: +++++++++++++++++++++++++++++++++++++Net device info+++++++++++++++++++++++++++++++++++++
[   12.900874] [cloud-init[0;32m  OK  [0m[928]: ] ci-info: +--------+------+---------------------------+---------------+-------+-------------------+Started Initial cloud-init job (metadata service crawler).

[   12.901210] cloud-init[928]: ci-info: | Device |  Up  |          Address          |      Mask     | Scope |     Hw-Address    |
[   12.924318] cloud-init[928]: ci-info: +--------+------+---------------------------+---------------+-------+-------------------+
[   12.924554] cloud-init[928]: ci-info: |   lo   | True |         127.0.0.1         |   255.0.0.0   |   .   |         .         |
[[0;32m  OK  [0m] Reached target Network is Online.
[   12.924682] cloud-init[928]: ci-info: |   lo   | True |          ::1/128          |       .       |  host |         .         |
[   12.953768] cloud-init[928]: ci-info: | enp0s3 | True |         10.0.2.15         | 255.255.255.0 |   .   | 02:42:5d:6e:03:5a |
[   12.972842] cloud-init[928]: ci-info: | enp0s3 | True | fe80::42:5dff:fe6e:35a/64 |       .       |  link | 02:42:5d:6e:03:5a |
[   12.973312] cloud-init[928]: ci-info: +--------+------+---------------------------+---------------+-------+-------------------+
         Starting iSCSI initiator daemon (iscsid)...
[   12.973604] cloud-init[928]: ci-info: +++++++++++++++++++++++++++Route IPv4 info++++++++++++++++++++++++++++
[   12.989705] cloud-init[928]: ci-info: +-------+-------------+----------+---------------+-----------+-------+
[[0;32m  OK  [0m] Reached target Cloud-config availability.
[[0;32m  OK  [0m] Reached target System Initialization.
[   12.989851]          cloud-initStarting Socket activation for snappy daemon.[928]: 
ci-info: | Route | Destination | Gateway  |    Genmask    | Interface | Flags |
[   13.015224] [cloud-init[0;32m  OK  [0m[928]: ] ci-info: +-------+-------------+----------+---------------+-----------+-------+Started Timer to automatically refresh installed snaps.

[   13.016089] cloud-init[928]: ci-info: |   0   |   0.0.0.0   | 10.0.2.2 |    0.0.0.0    |   enp0s3  |   UG  |
[   13.022949] cloud-init[928]: ci-info: |   1   |   10.0.2.0  | 0.0.0.0  | 255.255.255.0 |   enp0s3  |   U   |
[[0;32m  OK  [0m] Started Timer to automatically fetch and run repair assertions.
[   13.023236] cloud-init[928]: ci-info: +-------+-------------+----------+---------------+-----------+-------+
         [   13.044021] Starting LXD - unix socket.cloud-init
[928]: Generating public/private rsa key pair.
[   13.053021] cloud-init[928]: Your identification has been saved in /etc/ssh/ssh_host_rsa_key.
[   13.053504] cloud-init[928]: Your public key has been saved in /etc/ssh/ssh_host_rsa_key.pub.
[[0;32m  OK  [0m] Listening on ACPID Listen Socket.
[   13.053779] cloud-init[928]: The key fingerprint is:
[   13.069983] cloud-init[928]: SHA256:ypONhB3+K9NqX3m/0G2Eqbi9NWQ2s44DRQf8nR5YylQ root@ubuntu-xenial
[[0;32m  OK  [0m] Listening on UUID daemon activation socket.
[   13.070264] cloud-init[928]: The key's randomart image is:
[   13.078099] cloud-init[928]: +---[RSA 2048]----+
[[0;32m  OK  [0m] Listening on D-Bus System Message Bus Socket.
[   13.078366] cloud-init[928]: |           ....E |
[   13.086412] cloud-init[928]: |            o... |
[[0;32m  OK  [0m] Started Daily Cleanup of Temporary Directories.
[   13.086688] cloud-init[928]: |      .    .oo+..|
[[0;32m  OK  [0m] Started Daily apt download activities.
[   13.092060] cloud-init[928]: |     + .    .+.=.|
[   13.112723] cloud-init[928]: |    . + S  .  X o|
[   13.113279] cloud-init[928]: |     o *  .o * B |
[[0;32m  OK  [0m] Started Daily apt upgrade and clean activities.
[   13.113633] cloud-init[928]: |      *.o +.+ = o|
[   13.129140] cloud-init[928]: |      +..o +.* o |
[[0;32m  OK  [0m] Reached target Timers.
[   13.129455] cloud-init[928]: |     ..=o . +o+. |
[   13.148771] [cloud-init[0;32m  OK  [0m[928]: ] +----[SHA256]-----+Started ACPI Events Check.

[   13.149280] cloud-init[928]: Generating public/private dsa key pair.
[   13.155025] cloud-init[928]: Your identification has been saved in /etc/ssh/ssh_host_dsa_key.
[[0;32m  OK  [0m] Reached target Paths.
[   13.155293] cloud-init[928]: Your public key has been saved in /etc/ssh/ssh_host_dsa_key.pub.
[   13.174716] cloud-init[928]: The key fingerprint is:
[   13.188537] [cloud-init[0;32m  OK  [0m[928]: ] SHA256:+qx18e/rftkx6bJcdSVzQVs7ncN84tpelQ7oTYNiZLU root@ubuntu-xenialListening on Socket activation for snappy daemon.

[   13.189564] [cloud-init[0;32m  OK  [0m[928]: ] The key's randomart image is:Listening on LXD - unix socket.

[[0;32m  OK  [0m] Started iSCSI initiator daemon (iscsid).
[   13.213843] cloud-init[928]: +---[DSA 1024]----+
[   13.260944]          cloud-initStarting Login to default iSCSI targets...[928]: 
|           .  .o.|
[   13.261401] cloud-init[928]: |          . . o B|
[   13.273146] cloud-init[928]: |         o E  +O=|
[[0;32m  OK  [0m] Reached target Sockets.
[   13.273295] cloud-init[928]: |        o   o. =*|
[   13.277309] cloud-init[928]: |        So.o +..=|
[[0;32m  OK  [0m] Reached target Basic System.
[   13.277464] cloud-init[928]: |       .. oooo+++|
[   13.289820] cloud-init[928]: |      . . ..o.oo*|
[   13.294668] cloud-init[928]: |       + .  .+.+o|
[   13.298027] cloud-init[928]: |      ..o    *Xo |
[   13.298345] cloud-init[928]: +----[SHA256]-----+
[[0;32m  OK  [0m] Started D-Bus System Message Bus.
[   13.298478] cloud-init[928]: Generating public/private ecdsa key pair.
[   13.321312] cloud-init[928]: Your identification has been saved in /etc/ssh/ssh_host_ecdsa_key.
[   13.326638] cloud-init[928]: Your public key has been saved in /etc/ssh/ssh_host_ecdsa_key.pub.
[   13.326934] cloud-init[928]: The key fingerprint is:
         Starting LSB: MD monitoring daemon...
[   13.327237] cloud-init[928]: SHA256:sQ0zoGw9VStEiAt3H47EjnYqMXzTo4zEuLWyqAe/IAY root@ubuntu-xenial
[   13.346411] cloud-init[928]: The key's randomart image is:
[   13.346702] cloud-init[928]: +---[ECDSA 256]---+
[[0;32m  OK  [0m] Started FUSE filesystem for LXC.
[   13.346866] cloud-init[928]: |     o.o+..      |
[   13.360382]          cloud-initStarting LSB: Record successful boot for GRUB...[928]: 
|  ..oo=+.  .     |
[   13.369735] cloud-init[928]: | + o+Bo+*..      |
[   13.370052] cloud-init[928]: |. B.* *.oO       |
         Starting System Logging Service...
[   13.370219] cloud-init[928]: |E+ O = .S .      |
         Starting Pollinate to seed the pseudo random number generator...
[   13.408386] cloud-init[928]: |= + +            |
[   13.424240] cloud-init[928]: |+* .             |
[   13.424475] cloud-init[928]: |=.o              |
[[0;32m  OK  [0m] Started ACPI event daemon.
[   13.424637] cloud-init[928]: |o...             |
[   13.444214] cloud-init[928]: +----[SHA256]-----+
[   13.446892] cloud-init[928]: Generating public/private ed25519 key pair.
[   13.450750] cloud-init[928]: Your identification has been saved in /etc/ssh/ssh_host_ed25519_key.
[   13.464898] [cloud-init[0;32m  OK  [0m[928]: ] Your public key has been saved in /etc/ssh/ssh_host_ed25519_key.pub.Started Deferred execution scheduler.

[   13.493241] cloud-init[928]: The key fingerprint is:
[   13.493653] cloud-init[928]: SHA256:kmXEZJBoeCVxCfSjKgS5z3SaqW9rz5CP1MwIrTykFkg root@ubuntu-xenial
         Starting /etc/rc.local Compatibility...
[   13.493892] cloud-init[928]: The key's randomart image is:
[   13.516647] cloud-init[928]: +--[ED25519 256]--+
[   13.522558] cloud-init[928]: |   o==+*+        |
[   13.522788] cloud-init[928]: | .. ++oo.        |
[[0;32m  OK  [0m] Started Regular background program processing daemon.
[   13.522963] cloud-init[928]: |oE o  o o        |
[   13.548322] cloud-init[928]: |+o   . =         |
[   13.548638] cloud-init[928]: |++o o o S        |
         Starting LXD - container startup/shutdown...
[   13.548809] cloud-init[928]: |=*.%   .         |
         Starting Login Service...
[   13.573613] cloud-init[928]: |++% +            |
[   13.596729]          cloud-initStarting Snappy daemon...[928]: 
|.++=             |
[   13.597220] cloud-init[928]: |.++o+            |
         Starting Apply the settings specified in cloud-config...
[   13.614779] cloud-init[928]: +----[SHA256]-----+
         Starting Accounts Service...
[[0;32m  OK  [0m] Started Unattended Upgrades Shutdown.
[[0;32m  OK  [0m] Started System Logging Service.
[[0;32m  OK  [0m] Started Snappy daemon.
[[0;32m  OK  [0m] Started /etc/rc.local Compatibility.
[[0;32m  OK  [0m] Started LXD - container startup/shutdown.
[[0;32m  OK  [0m] Started LSB: MD monitoring daemon.
[[0;32m  OK  [0m] Started LSB: Record successful boot for GRUB.
[[0;32m  OK  [0m] Started Login to default iSCSI targets.
[[0;32m  OK  [0m] Started Login Service.
         Starting Authenticate and Authorize Users to Run Privileged Tasks...
[[0;32m  OK  [0m] Reached target Remote File Systems (Pre).
[[0;32m  OK  [0m] Reached target Remote File Systems.
         Starting Permit User Sessions...
         Starting LSB: Set the CPU Frequency Scaling governor to "ondemand"...
         Starting LSB: VirtualBox Linux Additions...
         Starting LSB: automatic crash report generation...
         Starting LSB: daemon to balance interrupts for SMP systems...
         Starting Auto import assertions from block devices...
[[0;32m  OK  [0m] Started Permit User Sessions.
[[0;32m  OK  [0m] Started Authenticate and Authorize Users to Run Privileged Tasks.
[   13.944187] cloud-init[1108]: Generating locales (this might take a while)...
[[0;32m  OK  [0m] Started Auto import assertions from block devices.
[[0;32m  OK  [0m] Started Accounts Service.
[[0;32m  OK  [0m] Started LSB: Set the CPU Frequency Scaling governor to "ondemand".
         Starting Terminate Plymouth Boot Screen...
         Starting Hold until boot process finishes up...
[[0;32m  OK  [0m] Started LSB: VirtualBox Linux Additions.
[[0;32m  OK  [0m] Started LSB: automatic crash report generation.
[[0;32m  OK  [0m] Started Terminate Plymouth Boot Screen.
[[0;32m  OK  [0m] Started Hold until boot process finishes up.
         Starting Set console scheme...
[[0;32m  OK  [0m] Started Getty on tty1.
[[0;32m  OK  [0m] Started Serial Getty on ttyS0.
[[0;32m  OK  [0m] Reached target Login Prompts.
[[0;32m  OK  [0m] Started LSB: daemon to balance interrupts for SMP systems.
[[0;32m  OK  [0m] Started Set console scheme.
[[0;32m  OK  [0m] Started Pollinate to seed the pseudo random number generator.
         Starting OpenBSD Secure Shell server...
[[0;32m  OK  [0m] Started OpenBSD Secure Shell server.
[[0;32m  OK  [0m] Reached target Multi-User System.
[[0;32m  OK  [0m] Reached target Graphical Interface.
         Starting Update UTMP about System Runlevel Changes...
[[0;32m  OK  [0m] Started Update UTMP about System Runlevel Changes.
[   14.473047] cloud-init[1108]:   en_US.UTF-8... done
[   14.488390] cloud-init[1108]: Generation complete.
         Stopping OpenBSD Secure Shell server...
[[0;32m  OK  [0m] Stopped OpenBSD Secure Shell server.
         Starting OpenBSD Secure Shell server...
[[0;32m  OK  [0m] Started OpenBSD Secure Shell server.
[   14.733046] cloud-init[1108]: Cloud-init v. 0.7.9 running 'modules:config' at Tue, 19 Sep 2017 17:45:13 +0000. Up 13.83 seconds.
[[0;32m  OK  [0m] Started Apply the settings specified in cloud-config.
         Starting Execute cloud user/final scripts...
ci-info: no authorized ssh keys fingerprints found for user ubuntu.
<14>Sep 19 17:45:15 ec2: 
<14>Sep 19 17:45:15 ec2: #############################################################
<14>Sep 19 17:45:15 ec2: -----BEGIN SSH HOST KEY FINGERPRINTS-----
<14>Sep 19 17:45:15 ec2: 1024 SHA256:+qx18e/rftkx6bJcdSVzQVs7ncN84tpelQ7oTYNiZLU root@ubuntu-xenial (DSA)
<14>Sep 19 17:45:15 ec2: 256 SHA256:sQ0zoGw9VStEiAt3H47EjnYqMXzTo4zEuLWyqAe/IAY root@ubuntu-xenial (ECDSA)
<14>Sep 19 17:45:15 ec2: 256 SHA256:kmXEZJBoeCVxCfSjKgS5z3SaqW9rz5CP1MwIrTykFkg root@ubuntu-xenial (ED25519)
<14>Sep 19 17:45:15 ec2: 2048 SHA256:ypONhB3+K9NqX3m/0G2Eqbi9NWQ2s44DRQf8nR5YylQ root@ubuntu-xenial (RSA)
<14>Sep 19 17:45:15 ec2: -----END SSH HOST KEY FINGERPRINTS-----
<14>Sep 19 17:45:15 ec2: #############################################################
-----BEGIN SSH HOST KEY KEYS-----
ecdsa-sha2-nistp256 AAAAE2VjZHNhLXNoYTItbmlzdHAyNTYAAAAIbmlzdHAyNTYAAABBBPPoPHZAhtV4/M3tmHWrLJ+f1Dk9hthbvcz4HYp8EzGuZO2idL5RKEMKRycy1sb7Jk7av5pl1Wb8U9Lx+z6B4K4= root@ubuntu-xenial
ssh-ed25519 AAAAC3NzaC1lZDI1NTE5AAAAIK8okuY9b0bHekoAix9vrxZypurG8nBM+K0xngHwNTzf root@ubuntu-xenial
ssh-rsa AAAAB3NzaC1yc2EAAAADAQABAAABAQDrIFyj//nRJVrxeiPYrI+diXdihWx25gd10kGkT4ZdJZAea2Olr26CxWr2tBmGjTiJ6WaoBEGrhte3pCPsyEi2DRsWRbI+uqZxWOvE14ZZQAb+B9K5Ux/ZkCXspnwHGlhcy3j4dsCnYWTLuUwwc4nRUH2zA4YD7XAsLRhk2v7IrHnQdFeDQu2VL1JQaAKFUtKPWOGyjj9cilTyUkdwwyuNvJJboxudIDiq/wFfTSYLL9yi+OfBfzsa1cx+dxGURphE14HDL6fEBJkwgf1B1huJRim5PttfKwO5wBTuF6CjqOj4ZQeB/yRYpoOXE7tR4R4Tq/qsPWIbYPlBJrgc9cUb root@ubuntu-xenial
-----END SSH HOST KEY KEYS-----
[   15.122601] cloud-init[1292]: Cloud-init v. 0.7.9 running 'modules:final' at Tue, 19 Sep 2017 17:45:14 +0000. Up 14.98 seconds.
[[0;32m  OK  [0m] Started Execute cloud user/final scripts.
[   15.185798] cloud-init[1292]: ci-info: no authorized ssh keys fingerprints found for user ubuntu.
[   15.199826] cloud-init[1292]: Cloud-init v. 0.7.9 finished at Tue, 19 Sep 2017 17:45:15 +0000. Datasource DataSourceNoCloud [seed=/dev/sdb][dsmode=net].  Up 15.11 seconds
[[0;32m  OK  [0m] Reached target Cloud-init target.

Ubuntu 16.04.3 LTS ubuntu-xenial ttyS0

ubuntu-xenial login: 